13:43:14 **** Build of configuration Debug for project sewing-PID-STM32-program ****
make -j9 all 
arm-none-eabi-gcc "../Drivers/STM32C0xx_HAL_Driver/Src/stm32c0xx_hal.c" -mcpu=cortex-m0plus -std=gnu11 -g3 -DDEBUG -DUSE_HAL_DRIVER -DSTM32C092xx -c -I../Core/Inc -I../Drivers/STM32C0xx_HAL_Driver/Inc -I../Drivers/STM32C0xx_HAL_Driver/Inc/Legacy -I../Drivers/CMSIS/Device/ST/STM32C0xx/Include -I../Drivers/CMSIS/Include -O0 -ffunction-sections -fdata-sections -Wall -fstack-usage -fcyclomatic-complexity -MMD -MP -MF"Drivers/STM32C0xx_HAL_Driver/Src/stm32c0xx_hal.d" -MT"Drivers/STM32C0xx_HAL_Driver/Src/stm32c0xx_hal.o" --specs=nano.specs -mfloat-abi=soft -mthumb -o "Drivers/STM32C0xx_HAL_Driver/Src/stm32c0xx_hal.o"
arm-none-eabi-gcc "../Drivers/STM32C0xx_HAL_Driver/Src/stm32c0xx_hal_adc.c" -mcpu=cortex-m0plus -std=gnu11 -g3 -DDEBUG -DUSE_HAL_DRIVER -DSTM32C092xx -c -I../Core/Inc -I../Drivers/STM32C0xx_HAL_Driver/Inc -I../Drivers/STM32C0xx_HAL_Driver/Inc/Legacy -I../Drivers/CMSIS/Device/ST/STM32C0xx/Include -I../Drivers/CMSIS/Include -O0 -ffunction-sections -fdata-sections -Wall -fstack-usage -fcyclomatic-complexity -MMD -MP -MF"Drivers/STM32C0xx_HAL_Driver/Src/stm32c0xx_hal_adc.d" -MT"Drivers/STM32C0xx_HAL_Driver/Src/stm32c0xx_hal_adc.o" --specs=nano.specs -mfloat-abi=soft -mthumb -o "Drivers/STM32C0xx_HAL_Driver/Src/stm32c0xx_hal_adc.o"
arm-none-eabi-gcc "../Drivers/STM32C0xx_HAL_Driver/Src/stm32c0xx_hal_adc_ex.c" -mcpu=cortex-m0plus -std=gnu11 -g3 -DDEBUG -DUSE_HAL_DRIVER -DSTM32C092xx -c -I../Core/Inc -I../Drivers/STM32C0xx_HAL_Driver/Inc -I../Drivers/STM32C0xx_HAL_Driver/Inc/Legacy -I../Drivers/CMSIS/Device/ST/STM32C0xx/Include -I../Drivers/CMSIS/Include -O0 -ffunction-sections -fdata-sections -Wall -fstack-usage -fcyclomatic-complexity -MMD -MP -MF"Drivers/STM32C0xx_HAL_Driver/Src/stm32c0xx_hal_adc_ex.d" -MT"Drivers/STM32C0xx_HAL_Driver/Src/stm32c0xx_hal_adc_ex.o" --specs=nano.specs -mfloat-abi=soft -mthumb -o "Drivers/STM32C0xx_HAL_Driver/Src/stm32c0xx_hal_adc_ex.o"
arm-none-eabi-gcc "../Drivers/STM32C0xx_HAL_Driver/Src/stm32c0xx_hal_cortex.c" -mcpu=cortex-m0plus -std=gnu11 -g3 -DDEBUG -DUSE_HAL_DRIVER -DSTM32C092xx -c -I../Core/Inc -I../Drivers/STM32C0xx_HAL_Driver/Inc -I../Drivers/STM32C0xx_HAL_Driver/Inc/Legacy -I../Drivers/CMSIS/Device/ST/STM32C0xx/Include -I../Drivers/CMSIS/Include -O0 -ffunction-sections -fdata-sections -Wall -fstack-usage -fcyclomatic-complexity -MMD -MP -MF"Drivers/STM32C0xx_HAL_Driver/Src/stm32c0xx_hal_cortex.d" -MT"Drivers/STM32C0xx_HAL_Driver/Src/stm32c0xx_hal_cortex.o" --specs=nano.specs -mfloat-abi=soft -mthumb -o "Drivers/STM32C0xx_HAL_Driver/Src/stm32c0xx_hal_cortex.o"
arm-none-eabi-gcc "../Drivers/STM32C0xx_HAL_Driver/Src/stm32c0xx_hal_dma.c" -mcpu=cortex-m0plus -std=gnu11 -g3 -DDEBUG -DUSE_HAL_DRIVER -DSTM32C092xx -c -I../Core/Inc -I../Drivers/STM32C0xx_HAL_Driver/Inc -I../Drivers/STM32C0xx_HAL_Driver/Inc/Legacy -I../Drivers/CMSIS/Device/ST/STM32C0xx/Include -I../Drivers/CMSIS/Include -O0 -ffunction-sections -fdata-sections -Wall -fstack-usage -fcyclomatic-complexity -MMD -MP -MF"Drivers/STM32C0xx_HAL_Driver/Src/stm32c0xx_hal_dma.d" -MT"Drivers/STM32C0xx_HAL_Driver/Src/stm32c0xx_hal_dma.o" --specs=nano.specs -mfloat-abi=soft -mthumb -o "Drivers/STM32C0xx_HAL_Driver/Src/stm32c0xx_hal_dma.o"
arm-none-eabi-gcc "../Drivers/STM32C0xx_HAL_Driver/Src/stm32c0xx_hal_dma_ex.c" -mcpu=cortex-m0plus -std=gnu11 -g3 -DDEBUG -DUSE_HAL_DRIVER -DSTM32C092xx -c -I../Core/Inc -I../Drivers/STM32C0xx_HAL_Driver/Inc -I../Drivers/STM32C0xx_HAL_Driver/Inc/Legacy -I../Drivers/CMSIS/Device/ST/STM32C0xx/Include -I../Drivers/CMSIS/Include -O0 -ffunction-sections -fdata-sections -Wall -fstack-usage -fcyclomatic-complexity -MMD -MP -MF"Drivers/STM32C0xx_HAL_Driver/Src/stm32c0xx_hal_dma_ex.d" -MT"Drivers/STM32C0xx_HAL_Driver/Src/stm32c0xx_hal_dma_ex.o" --specs=nano.specs -mfloat-abi=soft -mthumb -o "Drivers/STM32C0xx_HAL_Driver/Src/stm32c0xx_hal_dma_ex.o"
arm-none-eabi-gcc "../Drivers/STM32C0xx_HAL_Driver/Src/stm32c0xx_hal_exti.c" -mcpu=cortex-m0plus -std=gnu11 -g3 -DDEBUG -DUSE_HAL_DRIVER -DSTM32C092xx -c -I../Core/Inc -I../Drivers/STM32C0xx_HAL_Driver/Inc -I../Drivers/STM32C0xx_HAL_Driver/Inc/Legacy -I../Drivers/CMSIS/Device/ST/STM32C0xx/Include -I../Drivers/CMSIS/Include -O0 -ffunction-sections -fdata-sections -Wall -fstack-usage -fcyclomatic-complexity -MMD -MP -MF"Drivers/STM32C0xx_HAL_Driver/Src/stm32c0xx_hal_exti.d" -MT"Drivers/STM32C0xx_HAL_Driver/Src/stm32c0xx_hal_exti.o" --specs=nano.specs -mfloat-abi=soft -mthumb -o "Drivers/STM32C0xx_HAL_Driver/Src/stm32c0xx_hal_exti.o"
arm-none-eabi-gcc "../Drivers/STM32C0xx_HAL_Driver/Src/stm32c0xx_hal_flash.c" -mcpu=cortex-m0plus -std=gnu11 -g3 -DDEBUG -DUSE_HAL_DRIVER -DSTM32C092xx -c -I../Core/Inc -I../Drivers/STM32C0xx_HAL_Driver/Inc -I../Drivers/STM32C0xx_HAL_Driver/Inc/Legacy -I../Drivers/CMSIS/Device/ST/STM32C0xx/Include -I../Drivers/CMSIS/Include -O0 -ffunction-sections -fdata-sections -Wall -fstack-usage -fcyclomatic-complexity -MMD -MP -MF"Drivers/STM32C0xx_HAL_Driver/Src/stm32c0xx_hal_flash.d" -MT"Drivers/STM32C0xx_HAL_Driver/Src/stm32c0xx_hal_flash.o" --specs=nano.specs -mfloat-abi=soft -mthumb -o "Drivers/STM32C0xx_HAL_Driver/Src/stm32c0xx_hal_flash.o"
arm-none-eabi-gcc "../Drivers/STM32C0xx_HAL_Driver/Src/stm32c0xx_hal_flash_ex.c" -mcpu=cortex-m0plus -std=gnu11 -g3 -DDEBUG -DUSE_HAL_DRIVER -DSTM32C092xx -c -I../Core/Inc -I../Drivers/STM32C0xx_HAL_Driver/Inc -I../Drivers/STM32C0xx_HAL_Driver/Inc/Legacy -I../Drivers/CMSIS/Device/ST/STM32C0xx/Include -I../Drivers/CMSIS/Include -O0 -ffunction-sections -fdata-sections -Wall -fstack-usage -fcyclomatic-complexity -MMD -MP -MF"Drivers/STM32C0xx_HAL_Driver/Src/stm32c0xx_hal_flash_ex.d" -MT"Drivers/STM32C0xx_HAL_Driver/Src/stm32c0xx_hal_flash_ex.o" --specs=nano.specs -mfloat-abi=soft -mthumb -o "Drivers/STM32C0xx_HAL_Driver/Src/stm32c0xx_hal_flash_ex.o"
arm-none-eabi-gcc "../Drivers/STM32C0xx_HAL_Driver/Src/stm32c0xx_hal_gpio.c" -mcpu=cortex-m0plus -std=gnu11 -g3 -DDEBUG -DUSE_HAL_DRIVER -DSTM32C092xx -c -I../Core/Inc -I../Drivers/STM32C0xx_HAL_Driver/Inc -I../Drivers/STM32C0xx_HAL_Driver/Inc/Legacy -I../Drivers/CMSIS/Device/ST/STM32C0xx/Include -I../Drivers/CMSIS/Include -O0 -ffunction-sections -fdata-sections -Wall -fstack-usage -fcyclomatic-complexity -MMD -MP -MF"Drivers/STM32C0xx_HAL_Driver/Src/stm32c0xx_hal_gpio.d" -MT"Drivers/STM32C0xx_HAL_Driver/Src/stm32c0xx_hal_gpio.o" --specs=nano.specs -mfloat-abi=soft -mthumb -o "Drivers/STM32C0xx_HAL_Driver/Src/stm32c0xx_hal_gpio.o"
arm-none-eabi-gcc "../Drivers/STM32C0xx_HAL_Driver/Src/stm32c0xx_hal_pwr.c" -mcpu=cortex-m0plus -std=gnu11 -g3 -DDEBUG -DUSE_HAL_DRIVER -DSTM32C092xx -c -I../Core/Inc -I../Drivers/STM32C0xx_HAL_Driver/Inc -I../Drivers/STM32C0xx_HAL_Driver/Inc/Legacy -I../Drivers/CMSIS/Device/ST/STM32C0xx/Include -I../Drivers/CMSIS/Include -O0 -ffunction-sections -fdata-sections -Wall -fstack-usage -fcyclomatic-complexity -MMD -MP -MF"Drivers/STM32C0xx_HAL_Driver/Src/stm32c0xx_hal_pwr.d" -MT"Drivers/STM32C0xx_HAL_Driver/Src/stm32c0xx_hal_pwr.o" --specs=nano.specs -mfloat-abi=soft -mthumb -o "Drivers/STM32C0xx_HAL_Driver/Src/stm32c0xx_hal_pwr.o"
arm-none-eabi-gcc "../Drivers/STM32C0xx_HAL_Driver/Src/stm32c0xx_hal_pwr_ex.c" -mcpu=cortex-m0plus -std=gnu11 -g3 -DDEBUG -DUSE_HAL_DRIVER -DSTM32C092xx -c -I../Core/Inc -I../Drivers/STM32C0xx_HAL_Driver/Inc -I../Drivers/STM32C0xx_HAL_Driver/Inc/Legacy -I../Drivers/CMSIS/Device/ST/STM32C0xx/Include -I../Drivers/CMSIS/Include -O0 -ffunction-sections -fdata-sections -Wall -fstack-usage -fcyclomatic-complexity -MMD -MP -MF"Drivers/STM32C0xx_HAL_Driver/Src/stm32c0xx_hal_pwr_ex.d" -MT"Drivers/STM32C0xx_HAL_Driver/Src/stm32c0xx_hal_pwr_ex.o" --specs=nano.specs -mfloat-abi=soft -mthumb -o "Drivers/STM32C0xx_HAL_Driver/Src/stm32c0xx_hal_pwr_ex.o"
arm-none-eabi-gcc "../Drivers/STM32C0xx_HAL_Driver/Src/stm32c0xx_hal_rcc.c" -mcpu=cortex-m0plus -std=gnu11 -g3 -DDEBUG -DUSE_HAL_DRIVER -DSTM32C092xx -c -I../Core/Inc -I../Drivers/STM32C0xx_HAL_Driver/Inc -I../Drivers/STM32C0xx_HAL_Driver/Inc/Legacy -I../Drivers/CMSIS/Device/ST/STM32C0xx/Include -I../Drivers/CMSIS/Include -O0 -ffunction-sections -fdata-sections -Wall -fstack-usage -fcyclomatic-complexity -MMD -MP -MF"Drivers/STM32C0xx_HAL_Driver/Src/stm32c0xx_hal_rcc.d" -MT"Drivers/STM32C0xx_HAL_Driver/Src/stm32c0xx_hal_rcc.o" --specs=nano.specs -mfloat-abi=soft -mthumb -o "Drivers/STM32C0xx_HAL_Driver/Src/stm32c0xx_hal_rcc.o"
arm-none-eabi-gcc "../Drivers/STM32C0xx_HAL_Driver/Src/stm32c0xx_hal_rcc_ex.c" -mcpu=cortex-m0plus -std=gnu11 -g3 -DDEBUG -DUSE_HAL_DRIVER -DSTM32C092xx -c -I../Core/Inc -I../Drivers/STM32C0xx_HAL_Driver/Inc -I../Drivers/STM32C0xx_HAL_Driver/Inc/Legacy -I../Drivers/CMSIS/Device/ST/STM32C0xx/Include -I../Drivers/CMSIS/Include -O0 -ffunction-sections -fdata-sections -Wall -fstack-usage -fcyclomatic-complexity -MMD -MP -MF"Drivers/STM32C0xx_HAL_Driver/Src/stm32c0xx_hal_rcc_ex.d" -MT"Drivers/STM32C0xx_HAL_Driver/Src/stm32c0xx_hal_rcc_ex.o" --specs=nano.specs -mfloat-abi=soft -mthumb -o "Drivers/STM32C0xx_HAL_Driver/Src/stm32c0xx_hal_rcc_ex.o"
arm-none-eabi-gcc "../Drivers/STM32C0xx_HAL_Driver/Src/stm32c0xx_hal_tim.c" -mcpu=cortex-m0plus -std=gnu11 -g3 -DDEBUG -DUSE_HAL_DRIVER -DSTM32C092xx -c -I../Core/Inc -I../Drivers/STM32C0xx_HAL_Driver/Inc -I../Drivers/STM32C0xx_HAL_Driver/Inc/Legacy -I../Drivers/CMSIS/Device/ST/STM32C0xx/Include -I../Drivers/CMSIS/Include -O0 -ffunction-sections -fdata-sections -Wall -fstack-usage -fcyclomatic-complexity -MMD -MP -MF"Drivers/STM32C0xx_HAL_Driver/Src/stm32c0xx_hal_tim.d" -MT"Drivers/STM32C0xx_HAL_Driver/Src/stm32c0xx_hal_tim.o" --specs=nano.specs -mfloat-abi=soft -mthumb -o "Drivers/STM32C0xx_HAL_Driver/Src/stm32c0xx_hal_tim.o"
arm-none-eabi-gcc "../Drivers/STM32C0xx_HAL_Driver/Src/stm32c0xx_hal_tim_ex.c" -mcpu=cortex-m0plus -std=gnu11 -g3 -DDEBUG -DUSE_HAL_DRIVER -DSTM32C092xx -c -I../Core/Inc -I../Drivers/STM32C0xx_HAL_Driver/Inc -I../Drivers/STM32C0xx_HAL_Driver/Inc/Legacy -I../Drivers/CMSIS/Device/ST/STM32C0xx/Include -I../Drivers/CMSIS/Include -O0 -ffunction-sections -fdata-sections -Wall -fstack-usage -fcyclomatic-complexity -MMD -MP -MF"Drivers/STM32C0xx_HAL_Driver/Src/stm32c0xx_hal_tim_ex.d" -MT"Drivers/STM32C0xx_HAL_Driver/Src/stm32c0xx_hal_tim_ex.o" --specs=nano.specs -mfloat-abi=soft -mthumb -o "Drivers/STM32C0xx_HAL_Driver/Src/stm32c0xx_hal_tim_ex.o"
arm-none-eabi-gcc -mcpu=cortex-m0plus -g3 -DDEBUG -c -x assembler-with-cpp -MMD -MP -MF"Core/Startup/startup_stm32c092kctx.d" -MT"Core/Startup/startup_stm32c092kctx.o" --specs=nano.specs -mfloat-abi=soft -mthumb -o "Core/Startup/startup_stm32c092kctx.o" "../Core/Startup/startup_stm32c092kctx.s"
arm-none-eabi-gcc "../Core/Src/main.c" -mcpu=cortex-m0plus -std=gnu11 -g3 -DDEBUG -DUSE_HAL_DRIVER -DSTM32C092xx -c -I../Core/Inc -I../Drivers/STM32C0xx_HAL_Driver/Inc -I../Drivers/STM32C0xx_HAL_Driver/Inc/Legacy -I../Drivers/CMSIS/Device/ST/STM32C0xx/Include -I../Drivers/CMSIS/Include -O0 -ffunction-sections -fdata-sections -Wall -fstack-usage -fcyclomatic-complexity -MMD -MP -MF"Core/Src/main.d" -MT"Core/Src/main.o" --specs=nano.specs -mfloat-abi=soft -mthumb -o "Core/Src/main.o"
arm-none-eabi-gcc "../Core/Src/stm32c0xx_hal_msp.c" -mcpu=cortex-m0plus -std=gnu11 -g3 -DDEBUG -DUSE_HAL_DRIVER -DSTM32C092xx -c -I../Core/Inc -I../Drivers/STM32C0xx_HAL_Driver/Inc -I../Drivers/STM32C0xx_HAL_Driver/Inc/Legacy -I../Drivers/CMSIS/Device/ST/STM32C0xx/Include -I../Drivers/CMSIS/Include -O0 -ffunction-sections -fdata-sections -Wall -fstack-usage -fcyclomatic-complexity -MMD -MP -MF"Core/Src/stm32c0xx_hal_msp.d" -MT"Core/Src/stm32c0xx_hal_msp.o" --specs=nano.specs -mfloat-abi=soft -mthumb -o "Core/Src/stm32c0xx_hal_msp.o"
arm-none-eabi-gcc "../Core/Src/stm32c0xx_it.c" -mcpu=cortex-m0plus -std=gnu11 -g3 -DDEBUG -DUSE_HAL_DRIVER -DSTM32C092xx -c -I../Core/Inc -I../Drivers/STM32C0xx_HAL_Driver/Inc -I../Drivers/STM32C0xx_HAL_Driver/Inc/Legacy -I../Drivers/CMSIS/Device/ST/STM32C0xx/Include -I../Drivers/CMSIS/Include -O0 -ffunction-sections -fdata-sections -Wall -fstack-usage -fcyclomatic-complexity -MMD -MP -MF"Core/Src/stm32c0xx_it.d" -MT"Core/Src/stm32c0xx_it.o" --specs=nano.specs -mfloat-abi=soft -mthumb -o "Core/Src/stm32c0xx_it.o"
arm-none-eabi-gcc "../Core/Src/syscalls.c" -mcpu=cortex-m0plus -std=gnu11 -g3 -DDEBUG -DUSE_HAL_DRIVER -DSTM32C092xx -c -I../Core/Inc -I../Drivers/STM32C0xx_HAL_Driver/Inc -I../Drivers/STM32C0xx_HAL_Driver/Inc/Legacy -I../Drivers/CMSIS/Device/ST/STM32C0xx/Include -I../Drivers/CMSIS/Include -O0 -ffunction-sections -fdata-sections -Wall -fstack-usage -fcyclomatic-complexity -MMD -MP -MF"Core/Src/syscalls.d" -MT"Core/Src/syscalls.o" --specs=nano.specs -mfloat-abi=soft -mthumb -o "Core/Src/syscalls.o"
arm-none-eabi-gcc "../Core/Src/sysmem.c" -mcpu=cortex-m0plus -std=gnu11 -g3 -DDEBUG -DUSE_HAL_DRIVER -DSTM32C092xx -c -I../Core/Inc -I../Drivers/STM32C0xx_HAL_Driver/Inc -I../Drivers/STM32C0xx_HAL_Driver/Inc/Legacy -I../Drivers/CMSIS/Device/ST/STM32C0xx/Include -I../Drivers/CMSIS/Include -O0 -ffunction-sections -fdata-sections -Wall -fstack-usage -fcyclomatic-complexity -MMD -MP -MF"Core/Src/sysmem.d" -MT"Core/Src/sysmem.o" --specs=nano.specs -mfloat-abi=soft -mthumb -o "Core/Src/sysmem.o"
arm-none-eabi-gcc "../Core/Src/system_stm32c0xx.c" -mcpu=cortex-m0plus -std=gnu11 -g3 -DDEBUG -DUSE_HAL_DRIVER -DSTM32C092xx -c -I../Core/Inc -I../Drivers/STM32C0xx_HAL_Driver/Inc -I../Drivers/STM32C0xx_HAL_Driver/Inc/Legacy -I../Drivers/CMSIS/Device/ST/STM32C0xx/Include -I../Drivers/CMSIS/Include -O0 -ffunction-sections -fdata-sections -Wall -fstack-usage -fcyclomatic-complexity -MMD -MP -MF"Core/Src/system_stm32c0xx.d" -MT"Core/Src/system_stm32c0xx.o" --specs=nano.specs -mfloat-abi=soft -mthumb -o "Core/Src/system_stm32c0xx.o"
arm-none-eabi-g++ -o "sewing-PID-STM32-program.elf" @"objects.list"   -mcpu=cortex-m0plus -T"/Users/john/Library/CloudStorage/OneDrive-Stanford/nonsense/sewing/singer4452-speed-controller/sewing-PID-STM32-program/sewing-PID-STM32-program/STM32C092KCTX_FLASH.ld" --specs=nosys.specs -Wl,-Map="sewing-PID-STM32-program.map" -Wl,--gc-sections -static --specs=nano.specs -mfloat-abi=soft -mthumb -Wl,--start-group -lc -lm -lstdc++ -lsupc++ -Wl,--end-group
Finished building target: sewing-PID-STM32-program.elf
 
arm-none-eabi-size  sewing-PID-STM32-program.elf 
arm-none-eabi-objdump -h -S sewing-PID-STM32-program.elf  > "sewing-PID-STM32-program.list"
   text	   data	    bss	    dec	    hex	filename
   7624	     12	   1668	   9304	   2458	sewing-PID-STM32-program.elf
Finished building: default.size.stdout
 
Finished building: sewing-PID-STM32-program.list
 
13:43:32 **** Incremental Build of configuration Debug for project sewing-PID-STM32-program ****
make -j9 all 
arm-none-eabi-size  sewing-PID-STM32-program.elf 
   text	   data	    bss	    dec	    hex	filename
   7624	     12	   1668	   9304	   2458	sewing-PID-STM32-program.elf
Finished building: default.size.stdout
 
13:43:51 **** Incremental Build of configuration Debug for project sewing-PID-STM32-program ****
make -j9 all 
arm-none-eabi-size  sewing-PID-STM32-program.elf 
   text	   data	    bss	    dec	    hex	filename
   7624	     12	   1668	   9304	   2458	sewing-PID-STM32-program.elf
Finished building: default.size.stdout
 
13:59:22 **** Incremental Build of configuration Debug for project sewing-PID-STM32-program ****
make -j9 all 
arm-none-eabi-gcc "../Core/Src/main.c" -mcpu=cortex-m0plus -std=gnu11 -g3 -DDEBUG -DUSE_HAL_DRIVER -DSTM32C092xx -c -I../Core/Inc -I../Drivers/STM32C0xx_HAL_Driver/Inc -I../Drivers/STM32C0xx_HAL_Driver/Inc/Legacy -I../Drivers/CMSIS/Device/ST/STM32C0xx/Include -I../Drivers/CMSIS/Include -O0 -ffunction-sections -fdata-sections -Wall -fstack-usage -fcyclomatic-complexity -MMD -MP -MF"Core/Src/main.d" -MT"Core/Src/main.o" --specs=nano.specs -mfloat-abi=soft -mthumb -o "Core/Src/main.o"
../Core/Src/main.c: In function 'main':
../Core/Src/main.c:104:11: error: unknown type name 'uint16'; did you mean 'uint16_t'?
  104 |           uint16 NUM_PINS = 15;
      |           ^~~~~~
      |           uint16_t
../Core/Src/main.c:106:48: error: variable-sized object may not be initialized except with an empty initializer
  106 |           GPIO_TypeDef* GPIO_Ports[NUM_PINS] = {
      |                                                ^
../Core/Src/main.c:111:42: error: variable-sized object may not be initialized except with an empty initializer
  111 |           uint16_t GPIO_Pins[NUM_PINS] = {
      |                                          ^
../Core/Src/main.c:118:16: error: unknown type name 'uint16'; did you mean 'uint16_t'?
  118 |           for (uint16 i = 0; i < NUM_PINS; i++)
      |                ^~~~~~
      |                uint16_t
../Core/Src/main.c:123:16: error: unknown type name 'uint16'; did you mean 'uint16_t'?
  123 |           for (uint16 i = 0; i < NUM_PINS; i++)
      |                ^~~~~~
      |                uint16_t
make: *** [Core/Src/subdir.mk:34: Core/Src/main.o] Error 1
"make -j9 all" terminated with exit code 2. Build might be incomplete.
13:59:55 **** Incremental Build of configuration Debug for project sewing-PID-STM32-program ****
make -j9 all 
arm-none-eabi-gcc "../Core/Src/main.c" -mcpu=cortex-m0plus -std=gnu11 -g3 -DDEBUG -DUSE_HAL_DRIVER -DSTM32C092xx -c -I../Core/Inc -I../Drivers/STM32C0xx_HAL_Driver/Inc -I../Drivers/STM32C0xx_HAL_Driver/Inc/Legacy -I../Drivers/CMSIS/Device/ST/STM32C0xx/Include -I../Drivers/CMSIS/Include -O0 -ffunction-sections -fdata-sections -Wall -fstack-usage -fcyclomatic-complexity -MMD -MP -MF"Core/Src/main.d" -MT"Core/Src/main.o" --specs=nano.specs -mfloat-abi=soft -mthumb -o "Core/Src/main.o"
../Core/Src/main.c: In function 'main':
../Core/Src/main.c:106:48: error: variable-sized object may not be initialized except with an empty initializer
  106 |           GPIO_TypeDef* GPIO_Ports[NUM_PINS] = {
      |                                                ^
../Core/Src/main.c:111:42: error: variable-sized object may not be initialized except with an empty initializer
  111 |           uint16_t GPIO_Pins[NUM_PINS] = {
      |                                          ^
make: *** [Core/Src/subdir.mk:34: Core/Src/main.o] Error 1
"make -j9 all" terminated with exit code 2. Build might be incomplete.
14:00:13 **** Incremental Build of configuration Debug for project sewing-PID-STM32-program ****
make -j9 all 
arm-none-eabi-gcc "../Core/Src/main.c" -mcpu=cortex-m0plus -std=gnu11 -g3 -DDEBUG -DUSE_HAL_DRIVER -DSTM32C092xx -c -I../Core/Inc -I../Drivers/STM32C0xx_HAL_Driver/Inc -I../Drivers/STM32C0xx_HAL_Driver/Inc/Legacy -I../Drivers/CMSIS/Device/ST/STM32C0xx/Include -I../Drivers/CMSIS/Include -O0 -ffunction-sections -fdata-sections -Wall -fstack-usage -fcyclomatic-complexity -MMD -MP -MF"Core/Src/main.d" -MT"Core/Src/main.o" --specs=nano.specs -mfloat-abi=soft -mthumb -o "Core/Src/main.o"
../Core/Src/main.c: In function 'main':
../Core/Src/main.c:106:48: error: variable-sized object may not be initialized except with an empty initializer
  106 |           GPIO_TypeDef* GPIO_Ports[NUM_PINS] = {
      |                                                ^
../Core/Src/main.c:111:42: error: variable-sized object may not be initialized except with an empty initializer
  111 |           uint16_t GPIO_Pins[NUM_PINS] = {
      |                                          ^
make: *** [Core/Src/subdir.mk:34: Core/Src/main.o] Error 1
"make -j9 all" terminated with exit code 2. Build might be incomplete.
14:00:56 **** Incremental Build of configuration Debug for project sewing-PID-STM32-program ****
make -j9 all 
arm-none-eabi-gcc "../Core/Src/main.c" -mcpu=cortex-m0plus -std=gnu11 -g3 -DDEBUG -DUSE_HAL_DRIVER -DSTM32C092xx -c -I../Core/Inc -I../Drivers/STM32C0xx_HAL_Driver/Inc -I../Drivers/STM32C0xx_HAL_Driver/Inc/Legacy -I../Drivers/CMSIS/Device/ST/STM32C0xx/Include -I../Drivers/CMSIS/Include -O0 -ffunction-sections -fdata-sections -Wall -fstack-usage -fcyclomatic-complexity -MMD -MP -MF"Core/Src/main.d" -MT"Core/Src/main.o" --specs=nano.specs -mfloat-abi=soft -mthumb -o "Core/Src/main.o"
../Core/Src/main.c: In function 'main':
../Core/Src/main.c:105:48: error: variable-sized object may not be initialized except with an empty initializer
  105 |           GPIO_TypeDef* GPIO_Ports[NUM_PINS] = {
      |                                                ^
../Core/Src/main.c:110:42: error: variable-sized object may not be initialized except with an empty initializer
  110 |           uint16_t GPIO_Pins[NUM_PINS] = {
      |                                          ^
make: *** [Core/Src/subdir.mk:34: Core/Src/main.o] Error 1
"make -j9 all" terminated with exit code 2. Build might be incomplete.
14:01:52 **** Incremental Build of configuration Debug for project sewing-PID-STM32-program ****
make -j9 all 
arm-none-eabi-gcc "../Core/Src/main.c" -mcpu=cortex-m0plus -std=gnu11 -g3 -DDEBUG -DUSE_HAL_DRIVER -DSTM32C092xx -c -I../Core/Inc -I../Drivers/STM32C0xx_HAL_Driver/Inc -I../Drivers/STM32C0xx_HAL_Driver/Inc/Legacy -I../Drivers/CMSIS/Device/ST/STM32C0xx/Include -I../Drivers/CMSIS/Include -O0 -ffunction-sections -fdata-sections -Wall -fstack-usage -fcyclomatic-complexity -MMD -MP -MF"Core/Src/main.d" -MT"Core/Src/main.o" --specs=nano.specs -mfloat-abi=soft -mthumb -o "Core/Src/main.o"
arm-none-eabi-g++ -o "sewing-PID-STM32-program.elf" @"objects.list"   -mcpu=cortex-m0plus -T"/Users/john/Library/CloudStorage/OneDrive-Stanford/nonsense/sewing/singer4452-speed-controller/sewing-PID-STM32-program/sewing-PID-STM32-program/STM32C092KCTX_FLASH.ld" --specs=nosys.specs -Wl,-Map="sewing-PID-STM32-program.map" -Wl,--gc-sections -static --specs=nano.specs -mfloat-abi=soft -mthumb -Wl,--start-group -lc -lm -lstdc++ -lsupc++ -Wl,--end-group
Finished building target: sewing-PID-STM32-program.elf
 
arm-none-eabi-size  sewing-PID-STM32-program.elf 
arm-none-eabi-objdump -h -S sewing-PID-STM32-program.elf  > "sewing-PID-STM32-program.list"
   text	   data	    bss	    dec	    hex	filename
   8000	     12	   1668	   9680	   25d0	sewing-PID-STM32-program.elf
Finished building: default.size.stdout
 
Finished building: sewing-PID-STM32-program.list
 
14:02:37 **** Incremental Build of configuration Debug for project sewing-PID-STM32-program ****
make -j9 all 
arm-none-eabi-gcc "../Core/Src/main.c" -mcpu=cortex-m0plus -std=gnu11 -g3 -DDEBUG -DUSE_HAL_DRIVER -DSTM32C092xx -c -I../Core/Inc -I../Drivers/STM32C0xx_HAL_Driver/Inc -I../Drivers/STM32C0xx_HAL_Driver/Inc/Legacy -I../Drivers/CMSIS/Device/ST/STM32C0xx/Include -I../Drivers/CMSIS/Include -O0 -ffunction-sections -fdata-sections -Wall -fstack-usage -fcyclomatic-complexity -MMD -MP -MF"Core/Src/main.d" -MT"Core/Src/main.o" --specs=nano.specs -mfloat-abi=soft -mthumb -o "Core/Src/main.o"
arm-none-eabi-g++ -o "sewing-PID-STM32-program.elf" @"objects.list"   -mcpu=cortex-m0plus -T"/Users/john/Library/CloudStorage/OneDrive-Stanford/nonsense/sewing/singer4452-speed-controller/sewing-PID-STM32-program/sewing-PID-STM32-program/STM32C092KCTX_FLASH.ld" --specs=nosys.specs -Wl,-Map="sewing-PID-STM32-program.map" -Wl,--gc-sections -static --specs=nano.specs -mfloat-abi=soft -mthumb -Wl,--start-group -lc -lm -lstdc++ -lsupc++ -Wl,--end-group
Finished building target: sewing-PID-STM32-program.elf
 
arm-none-eabi-size  sewing-PID-STM32-program.elf 
arm-none-eabi-objdump -h -S sewing-PID-STM32-program.elf  > "sewing-PID-STM32-program.list"
   text	   data	    bss	    dec	    hex	filename
   8000	     12	   1668	   9680	   25d0	sewing-PID-STM32-program.elf
Finished building: default.size.stdout
 
Finished building: sewing-PID-STM32-program.list
 
15:44:58 **** Incremental Build of configuration Debug for project sewing-PID-STM32-program ****
make -j9 all 
arm-none-eabi-gcc "../Core/Src/main.c" -mcpu=cortex-m0plus -std=gnu11 -g3 -DDEBUG -DUSE_HAL_DRIVER -DSTM32C092xx -c -I../Core/Inc -I../Drivers/STM32C0xx_HAL_Driver/Inc -I../Drivers/STM32C0xx_HAL_Driver/Inc/Legacy -I../Drivers/CMSIS/Device/ST/STM32C0xx/Include -I../Drivers/CMSIS/Include -O0 -ffunction-sections -fdata-sections -Wall -fstack-usage -fcyclomatic-complexity -MMD -MP -MF"Core/Src/main.d" -MT"Core/Src/main.o" --specs=nano.specs -mfloat-abi=soft -mthumb -o "Core/Src/main.o"
In file included from ../Drivers/CMSIS/Device/ST/STM32C0xx/Include/stm32c0xx.h:113,
                 from ../Drivers/STM32C0xx_HAL_Driver/Inc/stm32c0xx_ll_system.h:40,
                 from ../Drivers/STM32C0xx_HAL_Driver/Inc/stm32c0xx_hal.h:29,
                 from ../Core/Inc/main.h:30,
                 from ../Core/Src/main.c:20:
../Drivers/CMSIS/Device/ST/STM32C0xx/Include/stm32c092xx.h:697:29: error: invalid initializer
  697 | #define GPIOA               ((GPIO_TypeDef *) GPIOA_BASE)
      |                             ^
../Core/Src/main.c:82:27: note: in expansion of macro 'GPIOA'
   82 | GPIO_TypeDef minResPort = GPIOA;
      |                           ^~~~~
../Drivers/CMSIS/Device/ST/STM32C0xx/Include/stm32c092xx.h:697:29: error: invalid initializer
  697 | #define GPIOA               ((GPIO_TypeDef *) GPIOA_BASE)
      |                             ^
../Core/Src/main.c:85:27: note: in expansion of macro 'GPIOA'
   85 | GPIO_TypeDef maxResPort = GPIOA;
      |                           ^~~~~
../Core/Src/main.c: In function 'set_throttle':
../Core/Src/main.c:113:35: error: incompatible type for argument 1 of 'HAL_GPIO_WritePin'
  113 |                 HAL_GPIO_WritePin(minResPort, minResPin, GPIO_PIN_RESET); // Don't short the network
      |                                   ^~~~~~~~~~
      |                                   |
      |                                   GPIO_TypeDef
In file included from ../Core/Inc/stm32c0xx_hal_conf.h:172,
                 from ../Drivers/STM32C0xx_HAL_Driver/Inc/stm32c0xx_hal.h:30:
../Drivers/STM32C0xx_HAL_Driver/Inc/stm32c0xx_hal_gpio.h:325:51: note: expected 'GPIO_TypeDef *' but argument is of type 'GPIO_TypeDef'
  325 | void              HAL_GPIO_WritePin(GPIO_TypeDef *GPIOx, uint16_t GPIO_Pin, GPIO_PinState PinState);
      |                                     ~~~~~~~~~~~~~~^~~~~
../Core/Src/main.c:114:35: error: incompatible type for argument 1 of 'HAL_GPIO_WritePin'
  114 |                 HAL_GPIO_WritePin(maxResPort, maxResPin, GPIO_PIN_RESET); // Cut off the network completely
      |                                   ^~~~~~~~~~
      |                                   |
      |                                   GPIO_TypeDef
../Drivers/STM32C0xx_HAL_Driver/Inc/stm32c0xx_hal_gpio.h:325:51: note: expected 'GPIO_TypeDef *' but argument is of type 'GPIO_TypeDef'
  325 | void              HAL_GPIO_WritePin(GPIO_TypeDef *GPIOx, uint16_t GPIO_Pin, GPIO_PinState PinState);
      |                                     ~~~~~~~~~~~~~~^~~~~
../Core/Src/main.c:119:35: error: incompatible type for argument 1 of 'HAL_GPIO_WritePin'
  119 |                 HAL_GPIO_WritePin(minResPort, minResPin, GPIO_PIN_SET); // Short the network
      |                                   ^~~~~~~~~~
      |                                   |
      |                                   GPIO_TypeDef
../Drivers/STM32C0xx_HAL_Driver/Inc/stm32c0xx_hal_gpio.h:325:51: note: expected 'GPIO_TypeDef *' but argument is of type 'GPIO_TypeDef'
  325 | void              HAL_GPIO_WritePin(GPIO_TypeDef *GPIOx, uint16_t GPIO_Pin, GPIO_PinState PinState);
      |                                     ~~~~~~~~~~~~~~^~~~~
../Core/Src/main.c:120:35: error: incompatible type for argument 1 of 'HAL_GPIO_WritePin'
  120 |                 HAL_GPIO_WritePin(maxResPort, maxResPin, GPIO_PIN_SET); // Connect the network
      |                                   ^~~~~~~~~~
      |                                   |
      |                                   GPIO_TypeDef
../Drivers/STM32C0xx_HAL_Driver/Inc/stm32c0xx_hal_gpio.h:325:51: note: expected 'GPIO_TypeDef *' but argument is of type 'GPIO_TypeDef'
  325 | void              HAL_GPIO_WritePin(GPIO_TypeDef *GPIOx, uint16_t GPIO_Pin, GPIO_PinState PinState);
      |                                     ~~~~~~~~~~~~~~^~~~~
../Core/Src/main.c:125:35: error: incompatible type for argument 1 of 'HAL_GPIO_WritePin'
  125 |                 HAL_GPIO_WritePin(minResPort, minResPin, GPIO_PIN_RESET); // Don't short the network
      |                                   ^~~~~~~~~~
      |                                   |
      |                                   GPIO_TypeDef
../Drivers/STM32C0xx_HAL_Driver/Inc/stm32c0xx_hal_gpio.h:325:51: note: expected 'GPIO_TypeDef *' but argument is of type 'GPIO_TypeDef'
  325 | void              HAL_GPIO_WritePin(GPIO_TypeDef *GPIOx, uint16_t GPIO_Pin, GPIO_PinState PinState);
      |                                     ~~~~~~~~~~~~~~^~~~~
../Core/Src/main.c:126:35: error: incompatible type for argument 1 of 'HAL_GPIO_WritePin'
  126 |                 HAL_GPIO_WritePin(maxResPort, maxResPin, GPIO_PIN_SET); // Connect the network
      |                                   ^~~~~~~~~~
      |                                   |
      |                                   GPIO_TypeDef
../Drivers/STM32C0xx_HAL_Driver/Inc/stm32c0xx_hal_gpio.h:325:51: note: expected 'GPIO_TypeDef *' but argument is of type 'GPIO_TypeDef'
  325 | void              HAL_GPIO_WritePin(GPIO_TypeDef *GPIOx, uint16_t GPIO_Pin, GPIO_PinState PinState);
      |                                     ~~~~~~~~~~~~~~^~~~~
make: *** [Core/Src/subdir.mk:34: Core/Src/main.o] Error 1
"make -j9 all" terminated with exit code 2. Build might be incomplete.
15:45:45 **** Incremental Build of configuration Debug for project sewing-PID-STM32-program ****
make -j9 all 
arm-none-eabi-gcc "../Core/Src/main.c" -mcpu=cortex-m0plus -std=gnu11 -g3 -DDEBUG -DUSE_HAL_DRIVER -DSTM32C092xx -c -I../Core/Inc -I../Drivers/STM32C0xx_HAL_Driver/Inc -I../Drivers/STM32C0xx_HAL_Driver/Inc/Legacy -I../Drivers/CMSIS/Device/ST/STM32C0xx/Include -I../Drivers/CMSIS/Include -O0 -ffunction-sections -fdata-sections -Wall -fstack-usage -fcyclomatic-complexity -MMD -MP -MF"Core/Src/main.d" -MT"Core/Src/main.o" --specs=nano.specs -mfloat-abi=soft -mthumb -o "Core/Src/main.o"
arm-none-eabi-g++ -o "sewing-PID-STM32-program.elf" @"objects.list"   -mcpu=cortex-m0plus -T"/Users/john/Library/CloudStorage/OneDrive-Stanford/nonsense/sewing/singer4452-speed-controller/sewing-PID-STM32-program/sewing-PID-STM32-program/STM32C092KCTX_FLASH.ld" --specs=nosys.specs -Wl,-Map="sewing-PID-STM32-program.map" -Wl,--gc-sections -static --specs=nano.specs -mfloat-abi=soft -mthumb -Wl,--start-group -lc -lm -lstdc++ -lsupc++ -Wl,--end-group
Finished building target: sewing-PID-STM32-program.elf
 
arm-none-eabi-size  sewing-PID-STM32-program.elf 
arm-none-eabi-objdump -h -S sewing-PID-STM32-program.elf  > "sewing-PID-STM32-program.list"
   text	   data	    bss	    dec	    hex	filename
  13600	    132	   1668	  15400	   3c28	sewing-PID-STM32-program.elf
Finished building: default.size.stdout
 
Finished building: sewing-PID-STM32-program.list
 
16:06:35 **** Incremental Build of configuration Debug for project sewing-PID-STM32-program ****
make -j9 all 
arm-none-eabi-gcc "../Drivers/STM32C0xx_HAL_Driver/Src/stm32c0xx_hal.c" -mcpu=cortex-m0plus -std=gnu11 -g3 -DDEBUG -DUSE_HAL_DRIVER -DSTM32C092xx -c -I../Core/Inc -I../Drivers/STM32C0xx_HAL_Driver/Inc -I../Drivers/STM32C0xx_HAL_Driver/Inc/Legacy -I../Drivers/CMSIS/Device/ST/STM32C0xx/Include -I../Drivers/CMSIS/Include -O0 -ffunction-sections -fdata-sections -Wall -fstack-usage -fcyclomatic-complexity -MMD -MP -MF"Drivers/STM32C0xx_HAL_Driver/Src/stm32c0xx_hal.d" -MT"Drivers/STM32C0xx_HAL_Driver/Src/stm32c0xx_hal.o" --specs=nano.specs -mfloat-abi=soft -mthumb -o "Drivers/STM32C0xx_HAL_Driver/Src/stm32c0xx_hal.o"
arm-none-eabi-gcc "../Drivers/STM32C0xx_HAL_Driver/Src/stm32c0xx_hal_adc.c" -mcpu=cortex-m0plus -std=gnu11 -g3 -DDEBUG -DUSE_HAL_DRIVER -DSTM32C092xx -c -I../Core/Inc -I../Drivers/STM32C0xx_HAL_Driver/Inc -I../Drivers/STM32C0xx_HAL_Driver/Inc/Legacy -I../Drivers/CMSIS/Device/ST/STM32C0xx/Include -I../Drivers/CMSIS/Include -O0 -ffunction-sections -fdata-sections -Wall -fstack-usage -fcyclomatic-complexity -MMD -MP -MF"Drivers/STM32C0xx_HAL_Driver/Src/stm32c0xx_hal_adc.d" -MT"Drivers/STM32C0xx_HAL_Driver/Src/stm32c0xx_hal_adc.o" --specs=nano.specs -mfloat-abi=soft -mthumb -o "Drivers/STM32C0xx_HAL_Driver/Src/stm32c0xx_hal_adc.o"
arm-none-eabi-gcc "../Drivers/STM32C0xx_HAL_Driver/Src/stm32c0xx_hal_adc_ex.c" -mcpu=cortex-m0plus -std=gnu11 -g3 -DDEBUG -DUSE_HAL_DRIVER -DSTM32C092xx -c -I../Core/Inc -I../Drivers/STM32C0xx_HAL_Driver/Inc -I../Drivers/STM32C0xx_HAL_Driver/Inc/Legacy -I../Drivers/CMSIS/Device/ST/STM32C0xx/Include -I../Drivers/CMSIS/Include -O0 -ffunction-sections -fdata-sections -Wall -fstack-usage -fcyclomatic-complexity -MMD -MP -MF"Drivers/STM32C0xx_HAL_Driver/Src/stm32c0xx_hal_adc_ex.d" -MT"Drivers/STM32C0xx_HAL_Driver/Src/stm32c0xx_hal_adc_ex.o" --specs=nano.specs -mfloat-abi=soft -mthumb -o "Drivers/STM32C0xx_HAL_Driver/Src/stm32c0xx_hal_adc_ex.o"
arm-none-eabi-gcc "../Drivers/STM32C0xx_HAL_Driver/Src/stm32c0xx_hal_cortex.c" -mcpu=cortex-m0plus -std=gnu11 -g3 -DDEBUG -DUSE_HAL_DRIVER -DSTM32C092xx -c -I../Core/Inc -I../Drivers/STM32C0xx_HAL_Driver/Inc -I../Drivers/STM32C0xx_HAL_Driver/Inc/Legacy -I../Drivers/CMSIS/Device/ST/STM32C0xx/Include -I../Drivers/CMSIS/Include -O0 -ffunction-sections -fdata-sections -Wall -fstack-usage -fcyclomatic-complexity -MMD -MP -MF"Drivers/STM32C0xx_HAL_Driver/Src/stm32c0xx_hal_cortex.d" -MT"Drivers/STM32C0xx_HAL_Driver/Src/stm32c0xx_hal_cortex.o" --specs=nano.specs -mfloat-abi=soft -mthumb -o "Drivers/STM32C0xx_HAL_Driver/Src/stm32c0xx_hal_cortex.o"
arm-none-eabi-gcc "../Drivers/STM32C0xx_HAL_Driver/Src/stm32c0xx_hal_dma.c" -mcpu=cortex-m0plus -std=gnu11 -g3 -DDEBUG -DUSE_HAL_DRIVER -DSTM32C092xx -c -I../Core/Inc -I../Drivers/STM32C0xx_HAL_Driver/Inc -I../Drivers/STM32C0xx_HAL_Driver/Inc/Legacy -I../Drivers/CMSIS/Device/ST/STM32C0xx/Include -I../Drivers/CMSIS/Include -O0 -ffunction-sections -fdata-sections -Wall -fstack-usage -fcyclomatic-complexity -MMD -MP -MF"Drivers/STM32C0xx_HAL_Driver/Src/stm32c0xx_hal_dma.d" -MT"Drivers/STM32C0xx_HAL_Driver/Src/stm32c0xx_hal_dma.o" --specs=nano.specs -mfloat-abi=soft -mthumb -o "Drivers/STM32C0xx_HAL_Driver/Src/stm32c0xx_hal_dma.o"
arm-none-eabi-gcc "../Drivers/STM32C0xx_HAL_Driver/Src/stm32c0xx_hal_dma_ex.c" -mcpu=cortex-m0plus -std=gnu11 -g3 -DDEBUG -DUSE_HAL_DRIVER -DSTM32C092xx -c -I../Core/Inc -I../Drivers/STM32C0xx_HAL_Driver/Inc -I../Drivers/STM32C0xx_HAL_Driver/Inc/Legacy -I../Drivers/CMSIS/Device/ST/STM32C0xx/Include -I../Drivers/CMSIS/Include -O0 -ffunction-sections -fdata-sections -Wall -fstack-usage -fcyclomatic-complexity -MMD -MP -MF"Drivers/STM32C0xx_HAL_Driver/Src/stm32c0xx_hal_dma_ex.d" -MT"Drivers/STM32C0xx_HAL_Driver/Src/stm32c0xx_hal_dma_ex.o" --specs=nano.specs -mfloat-abi=soft -mthumb -o "Drivers/STM32C0xx_HAL_Driver/Src/stm32c0xx_hal_dma_ex.o"
arm-none-eabi-gcc "../Drivers/STM32C0xx_HAL_Driver/Src/stm32c0xx_hal_exti.c" -mcpu=cortex-m0plus -std=gnu11 -g3 -DDEBUG -DUSE_HAL_DRIVER -DSTM32C092xx -c -I../Core/Inc -I../Drivers/STM32C0xx_HAL_Driver/Inc -I../Drivers/STM32C0xx_HAL_Driver/Inc/Legacy -I../Drivers/CMSIS/Device/ST/STM32C0xx/Include -I../Drivers/CMSIS/Include -O0 -ffunction-sections -fdata-sections -Wall -fstack-usage -fcyclomatic-complexity -MMD -MP -MF"Drivers/STM32C0xx_HAL_Driver/Src/stm32c0xx_hal_exti.d" -MT"Drivers/STM32C0xx_HAL_Driver/Src/stm32c0xx_hal_exti.o" --specs=nano.specs -mfloat-abi=soft -mthumb -o "Drivers/STM32C0xx_HAL_Driver/Src/stm32c0xx_hal_exti.o"
arm-none-eabi-gcc "../Drivers/STM32C0xx_HAL_Driver/Src/stm32c0xx_hal_flash.c" -mcpu=cortex-m0plus -std=gnu11 -g3 -DDEBUG -DUSE_HAL_DRIVER -DSTM32C092xx -c -I../Core/Inc -I../Drivers/STM32C0xx_HAL_Driver/Inc -I../Drivers/STM32C0xx_HAL_Driver/Inc/Legacy -I../Drivers/CMSIS/Device/ST/STM32C0xx/Include -I../Drivers/CMSIS/Include -O0 -ffunction-sections -fdata-sections -Wall -fstack-usage -fcyclomatic-complexity -MMD -MP -MF"Drivers/STM32C0xx_HAL_Driver/Src/stm32c0xx_hal_flash.d" -MT"Drivers/STM32C0xx_HAL_Driver/Src/stm32c0xx_hal_flash.o" --specs=nano.specs -mfloat-abi=soft -mthumb -o "Drivers/STM32C0xx_HAL_Driver/Src/stm32c0xx_hal_flash.o"
arm-none-eabi-gcc "../Drivers/STM32C0xx_HAL_Driver/Src/stm32c0xx_hal_flash_ex.c" -mcpu=cortex-m0plus -std=gnu11 -g3 -DDEBUG -DUSE_HAL_DRIVER -DSTM32C092xx -c -I../Core/Inc -I../Drivers/STM32C0xx_HAL_Driver/Inc -I../Drivers/STM32C0xx_HAL_Driver/Inc/Legacy -I../Drivers/CMSIS/Device/ST/STM32C0xx/Include -I../Drivers/CMSIS/Include -O0 -ffunction-sections -fdata-sections -Wall -fstack-usage -fcyclomatic-complexity -MMD -MP -MF"Drivers/STM32C0xx_HAL_Driver/Src/stm32c0xx_hal_flash_ex.d" -MT"Drivers/STM32C0xx_HAL_Driver/Src/stm32c0xx_hal_flash_ex.o" --specs=nano.specs -mfloat-abi=soft -mthumb -o "Drivers/STM32C0xx_HAL_Driver/Src/stm32c0xx_hal_flash_ex.o"
arm-none-eabi-gcc "../Drivers/STM32C0xx_HAL_Driver/Src/stm32c0xx_hal_gpio.c" -mcpu=cortex-m0plus -std=gnu11 -g3 -DDEBUG -DUSE_HAL_DRIVER -DSTM32C092xx -c -I../Core/Inc -I../Drivers/STM32C0xx_HAL_Driver/Inc -I../Drivers/STM32C0xx_HAL_Driver/Inc/Legacy -I../Drivers/CMSIS/Device/ST/STM32C0xx/Include -I../Drivers/CMSIS/Include -O0 -ffunction-sections -fdata-sections -Wall -fstack-usage -fcyclomatic-complexity -MMD -MP -MF"Drivers/STM32C0xx_HAL_Driver/Src/stm32c0xx_hal_gpio.d" -MT"Drivers/STM32C0xx_HAL_Driver/Src/stm32c0xx_hal_gpio.o" --specs=nano.specs -mfloat-abi=soft -mthumb -o "Drivers/STM32C0xx_HAL_Driver/Src/stm32c0xx_hal_gpio.o"
arm-none-eabi-gcc "../Drivers/STM32C0xx_HAL_Driver/Src/stm32c0xx_hal_pwr.c" -mcpu=cortex-m0plus -std=gnu11 -g3 -DDEBUG -DUSE_HAL_DRIVER -DSTM32C092xx -c -I../Core/Inc -I../Drivers/STM32C0xx_HAL_Driver/Inc -I../Drivers/STM32C0xx_HAL_Driver/Inc/Legacy -I../Drivers/CMSIS/Device/ST/STM32C0xx/Include -I../Drivers/CMSIS/Include -O0 -ffunction-sections -fdata-sections -Wall -fstack-usage -fcyclomatic-complexity -MMD -MP -MF"Drivers/STM32C0xx_HAL_Driver/Src/stm32c0xx_hal_pwr.d" -MT"Drivers/STM32C0xx_HAL_Driver/Src/stm32c0xx_hal_pwr.o" --specs=nano.specs -mfloat-abi=soft -mthumb -o "Drivers/STM32C0xx_HAL_Driver/Src/stm32c0xx_hal_pwr.o"
arm-none-eabi-gcc "../Drivers/STM32C0xx_HAL_Driver/Src/stm32c0xx_hal_pwr_ex.c" -mcpu=cortex-m0plus -std=gnu11 -g3 -DDEBUG -DUSE_HAL_DRIVER -DSTM32C092xx -c -I../Core/Inc -I../Drivers/STM32C0xx_HAL_Driver/Inc -I../Drivers/STM32C0xx_HAL_Driver/Inc/Legacy -I../Drivers/CMSIS/Device/ST/STM32C0xx/Include -I../Drivers/CMSIS/Include -O0 -ffunction-sections -fdata-sections -Wall -fstack-usage -fcyclomatic-complexity -MMD -MP -MF"Drivers/STM32C0xx_HAL_Driver/Src/stm32c0xx_hal_pwr_ex.d" -MT"Drivers/STM32C0xx_HAL_Driver/Src/stm32c0xx_hal_pwr_ex.o" --specs=nano.specs -mfloat-abi=soft -mthumb -o "Drivers/STM32C0xx_HAL_Driver/Src/stm32c0xx_hal_pwr_ex.o"
arm-none-eabi-gcc "../Drivers/STM32C0xx_HAL_Driver/Src/stm32c0xx_hal_rcc.c" -mcpu=cortex-m0plus -std=gnu11 -g3 -DDEBUG -DUSE_HAL_DRIVER -DSTM32C092xx -c -I../Core/Inc -I../Drivers/STM32C0xx_HAL_Driver/Inc -I../Drivers/STM32C0xx_HAL_Driver/Inc/Legacy -I../Drivers/CMSIS/Device/ST/STM32C0xx/Include -I../Drivers/CMSIS/Include -O0 -ffunction-sections -fdata-sections -Wall -fstack-usage -fcyclomatic-complexity -MMD -MP -MF"Drivers/STM32C0xx_HAL_Driver/Src/stm32c0xx_hal_rcc.d" -MT"Drivers/STM32C0xx_HAL_Driver/Src/stm32c0xx_hal_rcc.o" --specs=nano.specs -mfloat-abi=soft -mthumb -o "Drivers/STM32C0xx_HAL_Driver/Src/stm32c0xx_hal_rcc.o"
arm-none-eabi-gcc "../Drivers/STM32C0xx_HAL_Driver/Src/stm32c0xx_hal_rcc_ex.c" -mcpu=cortex-m0plus -std=gnu11 -g3 -DDEBUG -DUSE_HAL_DRIVER -DSTM32C092xx -c -I../Core/Inc -I../Drivers/STM32C0xx_HAL_Driver/Inc -I../Drivers/STM32C0xx_HAL_Driver/Inc/Legacy -I../Drivers/CMSIS/Device/ST/STM32C0xx/Include -I../Drivers/CMSIS/Include -O0 -ffunction-sections -fdata-sections -Wall -fstack-usage -fcyclomatic-complexity -MMD -MP -MF"Drivers/STM32C0xx_HAL_Driver/Src/stm32c0xx_hal_rcc_ex.d" -MT"Drivers/STM32C0xx_HAL_Driver/Src/stm32c0xx_hal_rcc_ex.o" --specs=nano.specs -mfloat-abi=soft -mthumb -o "Drivers/STM32C0xx_HAL_Driver/Src/stm32c0xx_hal_rcc_ex.o"
arm-none-eabi-gcc "../Drivers/STM32C0xx_HAL_Driver/Src/stm32c0xx_hal_tim.c" -mcpu=cortex-m0plus -std=gnu11 -g3 -DDEBUG -DUSE_HAL_DRIVER -DSTM32C092xx -c -I../Core/Inc -I../Drivers/STM32C0xx_HAL_Driver/Inc -I../Drivers/STM32C0xx_HAL_Driver/Inc/Legacy -I../Drivers/CMSIS/Device/ST/STM32C0xx/Include -I../Drivers/CMSIS/Include -O0 -ffunction-sections -fdata-sections -Wall -fstack-usage -fcyclomatic-complexity -MMD -MP -MF"Drivers/STM32C0xx_HAL_Driver/Src/stm32c0xx_hal_tim.d" -MT"Drivers/STM32C0xx_HAL_Driver/Src/stm32c0xx_hal_tim.o" --specs=nano.specs -mfloat-abi=soft -mthumb -o "Drivers/STM32C0xx_HAL_Driver/Src/stm32c0xx_hal_tim.o"
arm-none-eabi-gcc "../Drivers/STM32C0xx_HAL_Driver/Src/stm32c0xx_hal_tim_ex.c" -mcpu=cortex-m0plus -std=gnu11 -g3 -DDEBUG -DUSE_HAL_DRIVER -DSTM32C092xx -c -I../Core/Inc -I../Drivers/STM32C0xx_HAL_Driver/Inc -I../Drivers/STM32C0xx_HAL_Driver/Inc/Legacy -I../Drivers/CMSIS/Device/ST/STM32C0xx/Include -I../Drivers/CMSIS/Include -O0 -ffunction-sections -fdata-sections -Wall -fstack-usage -fcyclomatic-complexity -MMD -MP -MF"Drivers/STM32C0xx_HAL_Driver/Src/stm32c0xx_hal_tim_ex.d" -MT"Drivers/STM32C0xx_HAL_Driver/Src/stm32c0xx_hal_tim_ex.o" --specs=nano.specs -mfloat-abi=soft -mthumb -o "Drivers/STM32C0xx_HAL_Driver/Src/stm32c0xx_hal_tim_ex.o"
arm-none-eabi-gcc "../Core/Src/main.c" -mcpu=cortex-m0plus -std=gnu11 -g3 -DDEBUG -DUSE_HAL_DRIVER -DSTM32C092xx -c -I../Core/Inc -I../Drivers/STM32C0xx_HAL_Driver/Inc -I../Drivers/STM32C0xx_HAL_Driver/Inc/Legacy -I../Drivers/CMSIS/Device/ST/STM32C0xx/Include -I../Drivers/CMSIS/Include -O0 -ffunction-sections -fdata-sections -Wall -fstack-usage -fcyclomatic-complexity -MMD -MP -MF"Core/Src/main.d" -MT"Core/Src/main.o" --specs=nano.specs -mfloat-abi=soft -mthumb -o "Core/Src/main.o"
arm-none-eabi-gcc "../Core/Src/stm32c0xx_hal_msp.c" -mcpu=cortex-m0plus -std=gnu11 -g3 -DDEBUG -DUSE_HAL_DRIVER -DSTM32C092xx -c -I../Core/Inc -I../Drivers/STM32C0xx_HAL_Driver/Inc -I../Drivers/STM32C0xx_HAL_Driver/Inc/Legacy -I../Drivers/CMSIS/Device/ST/STM32C0xx/Include -I../Drivers/CMSIS/Include -O0 -ffunction-sections -fdata-sections -Wall -fstack-usage -fcyclomatic-complexity -MMD -MP -MF"Core/Src/stm32c0xx_hal_msp.d" -MT"Core/Src/stm32c0xx_hal_msp.o" --specs=nano.specs -mfloat-abi=soft -mthumb -o "Core/Src/stm32c0xx_hal_msp.o"
arm-none-eabi-gcc "../Core/Src/stm32c0xx_it.c" -mcpu=cortex-m0plus -std=gnu11 -g3 -DDEBUG -DUSE_HAL_DRIVER -DSTM32C092xx -c -I../Core/Inc -I../Drivers/STM32C0xx_HAL_Driver/Inc -I../Drivers/STM32C0xx_HAL_Driver/Inc/Legacy -I../Drivers/CMSIS/Device/ST/STM32C0xx/Include -I../Drivers/CMSIS/Include -O0 -ffunction-sections -fdata-sections -Wall -fstack-usage -fcyclomatic-complexity -MMD -MP -MF"Core/Src/stm32c0xx_it.d" -MT"Core/Src/stm32c0xx_it.o" --specs=nano.specs -mfloat-abi=soft -mthumb -o "Core/Src/stm32c0xx_it.o"
arm-none-eabi-gcc "../Core/Src/system_stm32c0xx.c" -mcpu=cortex-m0plus -std=gnu11 -g3 -DDEBUG -DUSE_HAL_DRIVER -DSTM32C092xx -c -I../Core/Inc -I../Drivers/STM32C0xx_HAL_Driver/Inc -I../Drivers/STM32C0xx_HAL_Driver/Inc/Legacy -I../Drivers/CMSIS/Device/ST/STM32C0xx/Include -I../Drivers/CMSIS/Include -O0 -ffunction-sections -fdata-sections -Wall -fstack-usage -fcyclomatic-complexity -MMD -MP -MF"Core/Src/system_stm32c0xx.d" -MT"Core/Src/system_stm32c0xx.o" --specs=nano.specs -mfloat-abi=soft -mthumb -o "Core/Src/system_stm32c0xx.o"
arm-none-eabi-g++ -o "sewing-PID-STM32-program.elf" @"objects.list"   -mcpu=cortex-m0plus -T"/Users/john/Library/CloudStorage/OneDrive-Stanford/nonsense/sewing/singer4452-speed-controller/sewing-PID-STM32-program/sewing-PID-STM32-program/STM32C092KCTX_FLASH.ld" --specs=nosys.specs -Wl,-Map="sewing-PID-STM32-program.map" -Wl,--gc-sections -static --specs=nano.specs -mfloat-abi=soft -mthumb -Wl,--start-group -lc -lm -lstdc++ -lsupc++ -Wl,--end-group
Finished building target: sewing-PID-STM32-program.elf
 
arm-none-eabi-size  sewing-PID-STM32-program.elf 
arm-none-eabi-objdump -h -S sewing-PID-STM32-program.elf  > "sewing-PID-STM32-program.list"
   text	   data	    bss	    dec	    hex	filename
  17040	    132	   1696	  18868	   49b4	sewing-PID-STM32-program.elf
Finished building: default.size.stdout
 
Finished building: sewing-PID-STM32-program.list
 
16:08:59 **** Incremental Build of configuration Debug for project sewing-PID-STM32-program ****
make -j9 all 
arm-none-eabi-gcc "../Core/Src/main.c" -mcpu=cortex-m0plus -std=gnu11 -g3 -DDEBUG -DUSE_HAL_DRIVER -DSTM32C092xx -c -I../Core/Inc -I../Drivers/STM32C0xx_HAL_Driver/Inc -I../Drivers/STM32C0xx_HAL_Driver/Inc/Legacy -I../Drivers/CMSIS/Device/ST/STM32C0xx/Include -I../Drivers/CMSIS/Include -O0 -ffunction-sections -fdata-sections -Wall -fstack-usage -fcyclomatic-complexity -MMD -MP -MF"Core/Src/main.d" -MT"Core/Src/main.o" --specs=nano.specs -mfloat-abi=soft -mthumb -o "Core/Src/main.o"
arm-none-eabi-g++ -o "sewing-PID-STM32-program.elf" @"objects.list"   -mcpu=cortex-m0plus -T"/Users/john/Library/CloudStorage/OneDrive-Stanford/nonsense/sewing/singer4452-speed-controller/sewing-PID-STM32-program/sewing-PID-STM32-program/STM32C092KCTX_FLASH.ld" --specs=nosys.specs -Wl,-Map="sewing-PID-STM32-program.map" -Wl,--gc-sections -static --specs=nano.specs -mfloat-abi=soft -mthumb -Wl,--start-group -lc -lm -lstdc++ -lsupc++ -Wl,--end-group
Finished building target: sewing-PID-STM32-program.elf
 
arm-none-eabi-size  sewing-PID-STM32-program.elf 
arm-none-eabi-objdump -h -S sewing-PID-STM32-program.elf  > "sewing-PID-STM32-program.list"
   text	   data	    bss	    dec	    hex	filename
  17020	    132	   1696	  18848	   49a0	sewing-PID-STM32-program.elf
Finished building: default.size.stdout
 
Finished building: sewing-PID-STM32-program.list
 
16:11:17 **** Incremental Build of configuration Debug for project sewing-PID-STM32-program ****
make -j9 all 
arm-none-eabi-size  sewing-PID-STM32-program.elf 
   text	   data	    bss	    dec	    hex	filename
  17020	    132	   1696	  18848	   49a0	sewing-PID-STM32-program.elf
Finished building: default.size.stdout
 
16:17:41 **** Incremental Build of configuration Debug for project sewing-PID-STM32-program ****
make -j9 all 
arm-none-eabi-gcc "../Core/Src/main.c" -mcpu=cortex-m0plus -std=gnu11 -g3 -DDEBUG -DUSE_HAL_DRIVER -DSTM32C092xx -c -I../Core/Inc -I../Drivers/STM32C0xx_HAL_Driver/Inc -I../Drivers/STM32C0xx_HAL_Driver/Inc/Legacy -I../Drivers/CMSIS/Device/ST/STM32C0xx/Include -I../Drivers/CMSIS/Include -O0 -ffunction-sections -fdata-sections -Wall -fstack-usage -fcyclomatic-complexity -MMD -MP -MF"Core/Src/main.d" -MT"Core/Src/main.o" --specs=nano.specs -mfloat-abi=soft -mthumb -o "Core/Src/main.o"
arm-none-eabi-g++ -o "sewing-PID-STM32-program.elf" @"objects.list"   -mcpu=cortex-m0plus -T"/Users/john/Library/CloudStorage/OneDrive-Stanford/nonsense/sewing/singer4452-speed-controller/sewing-PID-STM32-program/sewing-PID-STM32-program/STM32C092KCTX_FLASH.ld" --specs=nosys.specs -Wl,-Map="sewing-PID-STM32-program.map" -Wl,--gc-sections -static --specs=nano.specs -mfloat-abi=soft -mthumb -Wl,--start-group -lc -lm -lstdc++ -lsupc++ -Wl,--end-group
Finished building target: sewing-PID-STM32-program.elf
 
arm-none-eabi-size  sewing-PID-STM32-program.elf 
arm-none-eabi-objdump -h -S sewing-PID-STM32-program.elf  > "sewing-PID-STM32-program.list"
   text	   data	    bss	    dec	    hex	filename
  17020	    132	   1696	  18848	   49a0	sewing-PID-STM32-program.elf
Finished building: default.size.stdout
 
Finished building: sewing-PID-STM32-program.list
 
16:19:16 **** Incremental Build of configuration Debug for project sewing-PID-STM32-program ****
make -j9 all 
arm-none-eabi-gcc "../Core/Src/main.c" -mcpu=cortex-m0plus -std=gnu11 -g3 -DDEBUG -DUSE_HAL_DRIVER -DSTM32C092xx -c -I../Core/Inc -I../Drivers/STM32C0xx_HAL_Driver/Inc -I../Drivers/STM32C0xx_HAL_Driver/Inc/Legacy -I../Drivers/CMSIS/Device/ST/STM32C0xx/Include -I../Drivers/CMSIS/Include -O0 -ffunction-sections -fdata-sections -Wall -fstack-usage -fcyclomatic-complexity -MMD -MP -MF"Core/Src/main.d" -MT"Core/Src/main.o" --specs=nano.specs -mfloat-abi=soft -mthumb -o "Core/Src/main.o"
arm-none-eabi-g++ -o "sewing-PID-STM32-program.elf" @"objects.list"   -mcpu=cortex-m0plus -T"/Users/john/Library/CloudStorage/OneDrive-Stanford/nonsense/sewing/singer4452-speed-controller/sewing-PID-STM32-program/sewing-PID-STM32-program/STM32C092KCTX_FLASH.ld" --specs=nosys.specs -Wl,-Map="sewing-PID-STM32-program.map" -Wl,--gc-sections -static --specs=nano.specs -mfloat-abi=soft -mthumb -Wl,--start-group -lc -lm -lstdc++ -lsupc++ -Wl,--end-group
Finished building target: sewing-PID-STM32-program.elf
 
arm-none-eabi-size  sewing-PID-STM32-program.elf 
arm-none-eabi-objdump -h -S sewing-PID-STM32-program.elf  > "sewing-PID-STM32-program.list"
   text	   data	    bss	    dec	    hex	filename
  17020	    132	   1696	  18848	   49a0	sewing-PID-STM32-program.elf
Finished building: default.size.stdout
 
Finished building: sewing-PID-STM32-program.list
 
16:28:52 **** Incremental Build of configuration Debug for project sewing-PID-STM32-program ****
make -j9 all 
arm-none-eabi-gcc "../Core/Src/main.c" -mcpu=cortex-m0plus -std=gnu11 -g3 -DDEBUG -DUSE_HAL_DRIVER -DSTM32C092xx -c -I../Core/Inc -I../Drivers/STM32C0xx_HAL_Driver/Inc -I../Drivers/STM32C0xx_HAL_Driver/Inc/Legacy -I../Drivers/CMSIS/Device/ST/STM32C0xx/Include -I../Drivers/CMSIS/Include -O0 -ffunction-sections -fdata-sections -Wall -fstack-usage -fcyclomatic-complexity -MMD -MP -MF"Core/Src/main.d" -MT"Core/Src/main.o" --specs=nano.specs -mfloat-abi=soft -mthumb -o "Core/Src/main.o"
../Core/Src/main.c: In function 'main':
../Core/Src/main.c:197:11: error: 'sConfig' undeclared (first use in this function)
  197 |           sConfig.Channel = ADC_CHANNEL_1;
      |           ^~~~~~~
../Core/Src/main.c:197:11: note: each undeclared identifier is reported only once for each function it appears in
make: *** [Core/Src/subdir.mk:34: Core/Src/main.o] Error 1
"make -j9 all" terminated with exit code 2. Build might be incomplete.
16:35:47 **** Incremental Build of configuration Debug for project sewing-PID-STM32-program ****
make -j9 all 
arm-none-eabi-gcc "../Drivers/STM32C0xx_HAL_Driver/Src/stm32c0xx_hal.c" -mcpu=cortex-m0plus -std=gnu11 -g3 -DDEBUG -DUSE_HAL_DRIVER -DSTM32C092xx -c -I../Core/Inc -I../Drivers/STM32C0xx_HAL_Driver/Inc -I../Drivers/STM32C0xx_HAL_Driver/Inc/Legacy -I../Drivers/CMSIS/Device/ST/STM32C0xx/Include -I../Drivers/CMSIS/Include -O0 -ffunction-sections -fdata-sections -Wall -fstack-usage -fcyclomatic-complexity -MMD -MP -MF"Drivers/STM32C0xx_HAL_Driver/Src/stm32c0xx_hal.d" -MT"Drivers/STM32C0xx_HAL_Driver/Src/stm32c0xx_hal.o" --specs=nano.specs -mfloat-abi=soft -mthumb -o "Drivers/STM32C0xx_HAL_Driver/Src/stm32c0xx_hal.o"
arm-none-eabi-gcc "../Drivers/STM32C0xx_HAL_Driver/Src/stm32c0xx_hal_adc.c" -mcpu=cortex-m0plus -std=gnu11 -g3 -DDEBUG -DUSE_HAL_DRIVER -DSTM32C092xx -c -I../Core/Inc -I../Drivers/STM32C0xx_HAL_Driver/Inc -I../Drivers/STM32C0xx_HAL_Driver/Inc/Legacy -I../Drivers/CMSIS/Device/ST/STM32C0xx/Include -I../Drivers/CMSIS/Include -O0 -ffunction-sections -fdata-sections -Wall -fstack-usage -fcyclomatic-complexity -MMD -MP -MF"Drivers/STM32C0xx_HAL_Driver/Src/stm32c0xx_hal_adc.d" -MT"Drivers/STM32C0xx_HAL_Driver/Src/stm32c0xx_hal_adc.o" --specs=nano.specs -mfloat-abi=soft -mthumb -o "Drivers/STM32C0xx_HAL_Driver/Src/stm32c0xx_hal_adc.o"
arm-none-eabi-gcc "../Drivers/STM32C0xx_HAL_Driver/Src/stm32c0xx_hal_adc_ex.c" -mcpu=cortex-m0plus -std=gnu11 -g3 -DDEBUG -DUSE_HAL_DRIVER -DSTM32C092xx -c -I../Core/Inc -I../Drivers/STM32C0xx_HAL_Driver/Inc -I../Drivers/STM32C0xx_HAL_Driver/Inc/Legacy -I../Drivers/CMSIS/Device/ST/STM32C0xx/Include -I../Drivers/CMSIS/Include -O0 -ffunction-sections -fdata-sections -Wall -fstack-usage -fcyclomatic-complexity -MMD -MP -MF"Drivers/STM32C0xx_HAL_Driver/Src/stm32c0xx_hal_adc_ex.d" -MT"Drivers/STM32C0xx_HAL_Driver/Src/stm32c0xx_hal_adc_ex.o" --specs=nano.specs -mfloat-abi=soft -mthumb -o "Drivers/STM32C0xx_HAL_Driver/Src/stm32c0xx_hal_adc_ex.o"
arm-none-eabi-gcc "../Drivers/STM32C0xx_HAL_Driver/Src/stm32c0xx_hal_cortex.c" -mcpu=cortex-m0plus -std=gnu11 -g3 -DDEBUG -DUSE_HAL_DRIVER -DSTM32C092xx -c -I../Core/Inc -I../Drivers/STM32C0xx_HAL_Driver/Inc -I../Drivers/STM32C0xx_HAL_Driver/Inc/Legacy -I../Drivers/CMSIS/Device/ST/STM32C0xx/Include -I../Drivers/CMSIS/Include -O0 -ffunction-sections -fdata-sections -Wall -fstack-usage -fcyclomatic-complexity -MMD -MP -MF"Drivers/STM32C0xx_HAL_Driver/Src/stm32c0xx_hal_cortex.d" -MT"Drivers/STM32C0xx_HAL_Driver/Src/stm32c0xx_hal_cortex.o" --specs=nano.specs -mfloat-abi=soft -mthumb -o "Drivers/STM32C0xx_HAL_Driver/Src/stm32c0xx_hal_cortex.o"
arm-none-eabi-gcc "../Drivers/STM32C0xx_HAL_Driver/Src/stm32c0xx_hal_dma.c" -mcpu=cortex-m0plus -std=gnu11 -g3 -DDEBUG -DUSE_HAL_DRIVER -DSTM32C092xx -c -I../Core/Inc -I../Drivers/STM32C0xx_HAL_Driver/Inc -I../Drivers/STM32C0xx_HAL_Driver/Inc/Legacy -I../Drivers/CMSIS/Device/ST/STM32C0xx/Include -I../Drivers/CMSIS/Include -O0 -ffunction-sections -fdata-sections -Wall -fstack-usage -fcyclomatic-complexity -MMD -MP -MF"Drivers/STM32C0xx_HAL_Driver/Src/stm32c0xx_hal_dma.d" -MT"Drivers/STM32C0xx_HAL_Driver/Src/stm32c0xx_hal_dma.o" --specs=nano.specs -mfloat-abi=soft -mthumb -o "Drivers/STM32C0xx_HAL_Driver/Src/stm32c0xx_hal_dma.o"
arm-none-eabi-gcc "../Drivers/STM32C0xx_HAL_Driver/Src/stm32c0xx_hal_dma_ex.c" -mcpu=cortex-m0plus -std=gnu11 -g3 -DDEBUG -DUSE_HAL_DRIVER -DSTM32C092xx -c -I../Core/Inc -I../Drivers/STM32C0xx_HAL_Driver/Inc -I../Drivers/STM32C0xx_HAL_Driver/Inc/Legacy -I../Drivers/CMSIS/Device/ST/STM32C0xx/Include -I../Drivers/CMSIS/Include -O0 -ffunction-sections -fdata-sections -Wall -fstack-usage -fcyclomatic-complexity -MMD -MP -MF"Drivers/STM32C0xx_HAL_Driver/Src/stm32c0xx_hal_dma_ex.d" -MT"Drivers/STM32C0xx_HAL_Driver/Src/stm32c0xx_hal_dma_ex.o" --specs=nano.specs -mfloat-abi=soft -mthumb -o "Drivers/STM32C0xx_HAL_Driver/Src/stm32c0xx_hal_dma_ex.o"
arm-none-eabi-gcc "../Drivers/STM32C0xx_HAL_Driver/Src/stm32c0xx_hal_exti.c" -mcpu=cortex-m0plus -std=gnu11 -g3 -DDEBUG -DUSE_HAL_DRIVER -DSTM32C092xx -c -I../Core/Inc -I../Drivers/STM32C0xx_HAL_Driver/Inc -I../Drivers/STM32C0xx_HAL_Driver/Inc/Legacy -I../Drivers/CMSIS/Device/ST/STM32C0xx/Include -I../Drivers/CMSIS/Include -O0 -ffunction-sections -fdata-sections -Wall -fstack-usage -fcyclomatic-complexity -MMD -MP -MF"Drivers/STM32C0xx_HAL_Driver/Src/stm32c0xx_hal_exti.d" -MT"Drivers/STM32C0xx_HAL_Driver/Src/stm32c0xx_hal_exti.o" --specs=nano.specs -mfloat-abi=soft -mthumb -o "Drivers/STM32C0xx_HAL_Driver/Src/stm32c0xx_hal_exti.o"
arm-none-eabi-gcc "../Drivers/STM32C0xx_HAL_Driver/Src/stm32c0xx_hal_flash.c" -mcpu=cortex-m0plus -std=gnu11 -g3 -DDEBUG -DUSE_HAL_DRIVER -DSTM32C092xx -c -I../Core/Inc -I../Drivers/STM32C0xx_HAL_Driver/Inc -I../Drivers/STM32C0xx_HAL_Driver/Inc/Legacy -I../Drivers/CMSIS/Device/ST/STM32C0xx/Include -I../Drivers/CMSIS/Include -O0 -ffunction-sections -fdata-sections -Wall -fstack-usage -fcyclomatic-complexity -MMD -MP -MF"Drivers/STM32C0xx_HAL_Driver/Src/stm32c0xx_hal_flash.d" -MT"Drivers/STM32C0xx_HAL_Driver/Src/stm32c0xx_hal_flash.o" --specs=nano.specs -mfloat-abi=soft -mthumb -o "Drivers/STM32C0xx_HAL_Driver/Src/stm32c0xx_hal_flash.o"
arm-none-eabi-gcc "../Drivers/STM32C0xx_HAL_Driver/Src/stm32c0xx_hal_flash_ex.c" -mcpu=cortex-m0plus -std=gnu11 -g3 -DDEBUG -DUSE_HAL_DRIVER -DSTM32C092xx -c -I../Core/Inc -I../Drivers/STM32C0xx_HAL_Driver/Inc -I../Drivers/STM32C0xx_HAL_Driver/Inc/Legacy -I../Drivers/CMSIS/Device/ST/STM32C0xx/Include -I../Drivers/CMSIS/Include -O0 -ffunction-sections -fdata-sections -Wall -fstack-usage -fcyclomatic-complexity -MMD -MP -MF"Drivers/STM32C0xx_HAL_Driver/Src/stm32c0xx_hal_flash_ex.d" -MT"Drivers/STM32C0xx_HAL_Driver/Src/stm32c0xx_hal_flash_ex.o" --specs=nano.specs -mfloat-abi=soft -mthumb -o "Drivers/STM32C0xx_HAL_Driver/Src/stm32c0xx_hal_flash_ex.o"
arm-none-eabi-gcc "../Drivers/STM32C0xx_HAL_Driver/Src/stm32c0xx_hal_gpio.c" -mcpu=cortex-m0plus -std=gnu11 -g3 -DDEBUG -DUSE_HAL_DRIVER -DSTM32C092xx -c -I../Core/Inc -I../Drivers/STM32C0xx_HAL_Driver/Inc -I../Drivers/STM32C0xx_HAL_Driver/Inc/Legacy -I../Drivers/CMSIS/Device/ST/STM32C0xx/Include -I../Drivers/CMSIS/Include -O0 -ffunction-sections -fdata-sections -Wall -fstack-usage -fcyclomatic-complexity -MMD -MP -MF"Drivers/STM32C0xx_HAL_Driver/Src/stm32c0xx_hal_gpio.d" -MT"Drivers/STM32C0xx_HAL_Driver/Src/stm32c0xx_hal_gpio.o" --specs=nano.specs -mfloat-abi=soft -mthumb -o "Drivers/STM32C0xx_HAL_Driver/Src/stm32c0xx_hal_gpio.o"
arm-none-eabi-gcc "../Drivers/STM32C0xx_HAL_Driver/Src/stm32c0xx_hal_pwr.c" -mcpu=cortex-m0plus -std=gnu11 -g3 -DDEBUG -DUSE_HAL_DRIVER -DSTM32C092xx -c -I../Core/Inc -I../Drivers/STM32C0xx_HAL_Driver/Inc -I../Drivers/STM32C0xx_HAL_Driver/Inc/Legacy -I../Drivers/CMSIS/Device/ST/STM32C0xx/Include -I../Drivers/CMSIS/Include -O0 -ffunction-sections -fdata-sections -Wall -fstack-usage -fcyclomatic-complexity -MMD -MP -MF"Drivers/STM32C0xx_HAL_Driver/Src/stm32c0xx_hal_pwr.d" -MT"Drivers/STM32C0xx_HAL_Driver/Src/stm32c0xx_hal_pwr.o" --specs=nano.specs -mfloat-abi=soft -mthumb -o "Drivers/STM32C0xx_HAL_Driver/Src/stm32c0xx_hal_pwr.o"
arm-none-eabi-gcc "../Drivers/STM32C0xx_HAL_Driver/Src/stm32c0xx_hal_pwr_ex.c" -mcpu=cortex-m0plus -std=gnu11 -g3 -DDEBUG -DUSE_HAL_DRIVER -DSTM32C092xx -c -I../Core/Inc -I../Drivers/STM32C0xx_HAL_Driver/Inc -I../Drivers/STM32C0xx_HAL_Driver/Inc/Legacy -I../Drivers/CMSIS/Device/ST/STM32C0xx/Include -I../Drivers/CMSIS/Include -O0 -ffunction-sections -fdata-sections -Wall -fstack-usage -fcyclomatic-complexity -MMD -MP -MF"Drivers/STM32C0xx_HAL_Driver/Src/stm32c0xx_hal_pwr_ex.d" -MT"Drivers/STM32C0xx_HAL_Driver/Src/stm32c0xx_hal_pwr_ex.o" --specs=nano.specs -mfloat-abi=soft -mthumb -o "Drivers/STM32C0xx_HAL_Driver/Src/stm32c0xx_hal_pwr_ex.o"
arm-none-eabi-gcc "../Drivers/STM32C0xx_HAL_Driver/Src/stm32c0xx_hal_rcc.c" -mcpu=cortex-m0plus -std=gnu11 -g3 -DDEBUG -DUSE_HAL_DRIVER -DSTM32C092xx -c -I../Core/Inc -I../Drivers/STM32C0xx_HAL_Driver/Inc -I../Drivers/STM32C0xx_HAL_Driver/Inc/Legacy -I../Drivers/CMSIS/Device/ST/STM32C0xx/Include -I../Drivers/CMSIS/Include -O0 -ffunction-sections -fdata-sections -Wall -fstack-usage -fcyclomatic-complexity -MMD -MP -MF"Drivers/STM32C0xx_HAL_Driver/Src/stm32c0xx_hal_rcc.d" -MT"Drivers/STM32C0xx_HAL_Driver/Src/stm32c0xx_hal_rcc.o" --specs=nano.specs -mfloat-abi=soft -mthumb -o "Drivers/STM32C0xx_HAL_Driver/Src/stm32c0xx_hal_rcc.o"
arm-none-eabi-gcc "../Drivers/STM32C0xx_HAL_Driver/Src/stm32c0xx_hal_rcc_ex.c" -mcpu=cortex-m0plus -std=gnu11 -g3 -DDEBUG -DUSE_HAL_DRIVER -DSTM32C092xx -c -I../Core/Inc -I../Drivers/STM32C0xx_HAL_Driver/Inc -I../Drivers/STM32C0xx_HAL_Driver/Inc/Legacy -I../Drivers/CMSIS/Device/ST/STM32C0xx/Include -I../Drivers/CMSIS/Include -O0 -ffunction-sections -fdata-sections -Wall -fstack-usage -fcyclomatic-complexity -MMD -MP -MF"Drivers/STM32C0xx_HAL_Driver/Src/stm32c0xx_hal_rcc_ex.d" -MT"Drivers/STM32C0xx_HAL_Driver/Src/stm32c0xx_hal_rcc_ex.o" --specs=nano.specs -mfloat-abi=soft -mthumb -o "Drivers/STM32C0xx_HAL_Driver/Src/stm32c0xx_hal_rcc_ex.o"
arm-none-eabi-gcc "../Drivers/STM32C0xx_HAL_Driver/Src/stm32c0xx_hal_tim.c" -mcpu=cortex-m0plus -std=gnu11 -g3 -DDEBUG -DUSE_HAL_DRIVER -DSTM32C092xx -c -I../Core/Inc -I../Drivers/STM32C0xx_HAL_Driver/Inc -I../Drivers/STM32C0xx_HAL_Driver/Inc/Legacy -I../Drivers/CMSIS/Device/ST/STM32C0xx/Include -I../Drivers/CMSIS/Include -O0 -ffunction-sections -fdata-sections -Wall -fstack-usage -fcyclomatic-complexity -MMD -MP -MF"Drivers/STM32C0xx_HAL_Driver/Src/stm32c0xx_hal_tim.d" -MT"Drivers/STM32C0xx_HAL_Driver/Src/stm32c0xx_hal_tim.o" --specs=nano.specs -mfloat-abi=soft -mthumb -o "Drivers/STM32C0xx_HAL_Driver/Src/stm32c0xx_hal_tim.o"
arm-none-eabi-gcc "../Drivers/STM32C0xx_HAL_Driver/Src/stm32c0xx_hal_tim_ex.c" -mcpu=cortex-m0plus -std=gnu11 -g3 -DDEBUG -DUSE_HAL_DRIVER -DSTM32C092xx -c -I../Core/Inc -I../Drivers/STM32C0xx_HAL_Driver/Inc -I../Drivers/STM32C0xx_HAL_Driver/Inc/Legacy -I../Drivers/CMSIS/Device/ST/STM32C0xx/Include -I../Drivers/CMSIS/Include -O0 -ffunction-sections -fdata-sections -Wall -fstack-usage -fcyclomatic-complexity -MMD -MP -MF"Drivers/STM32C0xx_HAL_Driver/Src/stm32c0xx_hal_tim_ex.d" -MT"Drivers/STM32C0xx_HAL_Driver/Src/stm32c0xx_hal_tim_ex.o" --specs=nano.specs -mfloat-abi=soft -mthumb -o "Drivers/STM32C0xx_HAL_Driver/Src/stm32c0xx_hal_tim_ex.o"
arm-none-eabi-gcc "../Core/Src/main.c" -mcpu=cortex-m0plus -std=gnu11 -g3 -DDEBUG -DUSE_HAL_DRIVER -DSTM32C092xx -c -I../Core/Inc -I../Drivers/STM32C0xx_HAL_Driver/Inc -I../Drivers/STM32C0xx_HAL_Driver/Inc/Legacy -I../Drivers/CMSIS/Device/ST/STM32C0xx/Include -I../Drivers/CMSIS/Include -O0 -ffunction-sections -fdata-sections -Wall -fstack-usage -fcyclomatic-complexity -MMD -MP -MF"Core/Src/main.d" -MT"Core/Src/main.o" --specs=nano.specs -mfloat-abi=soft -mthumb -o "Core/Src/main.o"
arm-none-eabi-gcc "../Core/Src/stm32c0xx_hal_msp.c" -mcpu=cortex-m0plus -std=gnu11 -g3 -DDEBUG -DUSE_HAL_DRIVER -DSTM32C092xx -c -I../Core/Inc -I../Drivers/STM32C0xx_HAL_Driver/Inc -I../Drivers/STM32C0xx_HAL_Driver/Inc/Legacy -I../Drivers/CMSIS/Device/ST/STM32C0xx/Include -I../Drivers/CMSIS/Include -O0 -ffunction-sections -fdata-sections -Wall -fstack-usage -fcyclomatic-complexity -MMD -MP -MF"Core/Src/stm32c0xx_hal_msp.d" -MT"Core/Src/stm32c0xx_hal_msp.o" --specs=nano.specs -mfloat-abi=soft -mthumb -o "Core/Src/stm32c0xx_hal_msp.o"
../Core/Src/main.c: In function 'main':
../Core/Src/main.c:200:24: warning: unused variable 'adc_val1' [-Wunused-variable]
  200 |               uint32_t adc_val1 = HAL_ADC_GetValue(&hadc1);
      |                        ^~~~~~~~
../Core/Src/main.c:205:24: warning: unused variable 'adc_val2' [-Wunused-variable]
  205 |               uint32_t adc_val2 = HAL_ADC_GetValue(&hadc1);
      |                        ^~~~~~~~
arm-none-eabi-gcc "../Core/Src/stm32c0xx_it.c" -mcpu=cortex-m0plus -std=gnu11 -g3 -DDEBUG -DUSE_HAL_DRIVER -DSTM32C092xx -c -I../Core/Inc -I../Drivers/STM32C0xx_HAL_Driver/Inc -I../Drivers/STM32C0xx_HAL_Driver/Inc/Legacy -I../Drivers/CMSIS/Device/ST/STM32C0xx/Include -I../Drivers/CMSIS/Include -O0 -ffunction-sections -fdata-sections -Wall -fstack-usage -fcyclomatic-complexity -MMD -MP -MF"Core/Src/stm32c0xx_it.d" -MT"Core/Src/stm32c0xx_it.o" --specs=nano.specs -mfloat-abi=soft -mthumb -o "Core/Src/stm32c0xx_it.o"
arm-none-eabi-gcc "../Core/Src/system_stm32c0xx.c" -mcpu=cortex-m0plus -std=gnu11 -g3 -DDEBUG -DUSE_HAL_DRIVER -DSTM32C092xx -c -I../Core/Inc -I../Drivers/STM32C0xx_HAL_Driver/Inc -I../Drivers/STM32C0xx_HAL_Driver/Inc/Legacy -I../Drivers/CMSIS/Device/ST/STM32C0xx/Include -I../Drivers/CMSIS/Include -O0 -ffunction-sections -fdata-sections -Wall -fstack-usage -fcyclomatic-complexity -MMD -MP -MF"Core/Src/system_stm32c0xx.d" -MT"Core/Src/system_stm32c0xx.o" --specs=nano.specs -mfloat-abi=soft -mthumb -o "Core/Src/system_stm32c0xx.o"
arm-none-eabi-g++ -o "sewing-PID-STM32-program.elf" @"objects.list"   -mcpu=cortex-m0plus -T"/Users/john/Library/CloudStorage/OneDrive-Stanford/nonsense/sewing/singer4452-speed-controller/sewing-PID-STM32-program/sewing-PID-STM32-program/STM32C092KCTX_FLASH.ld" --specs=nosys.specs -Wl,-Map="sewing-PID-STM32-program.map" -Wl,--gc-sections -static --specs=nano.specs -mfloat-abi=soft -mthumb -Wl,--start-group -lc -lm -lstdc++ -lsupc++ -Wl,--end-group
Finished building target: sewing-PID-STM32-program.elf
 
arm-none-eabi-size  sewing-PID-STM32-program.elf 
arm-none-eabi-objdump -h -S sewing-PID-STM32-program.elf  > "sewing-PID-STM32-program.list"
   text	   data	    bss	    dec	    hex	filename
  17040	    132	   1696	  18868	   49b4	sewing-PID-STM32-program.elf
Finished building: default.size.stdout
 
Finished building: sewing-PID-STM32-program.list
 
16:37:58 **** Incremental Build of configuration Debug for project sewing-PID-STM32-program ****
make -j9 all 
arm-none-eabi-gcc "../Core/Src/main.c" -mcpu=cortex-m0plus -std=gnu11 -g3 -DDEBUG -DUSE_HAL_DRIVER -DSTM32C092xx -c -I../Core/Inc -I../Drivers/STM32C0xx_HAL_Driver/Inc -I../Drivers/STM32C0xx_HAL_Driver/Inc/Legacy -I../Drivers/CMSIS/Device/ST/STM32C0xx/Include -I../Drivers/CMSIS/Include -O0 -ffunction-sections -fdata-sections -Wall -fstack-usage -fcyclomatic-complexity -MMD -MP -MF"Core/Src/main.d" -MT"Core/Src/main.o" --specs=nano.specs -mfloat-abi=soft -mthumb -o "Core/Src/main.o"
arm-none-eabi-g++ -o "sewing-PID-STM32-program.elf" @"objects.list"   -mcpu=cortex-m0plus -T"/Users/john/Library/CloudStorage/OneDrive-Stanford/nonsense/sewing/singer4452-speed-controller/sewing-PID-STM32-program/sewing-PID-STM32-program/STM32C092KCTX_FLASH.ld" --specs=nosys.specs -Wl,-Map="sewing-PID-STM32-program.map" -Wl,--gc-sections -static --specs=nano.specs -mfloat-abi=soft -mthumb -Wl,--start-group -lc -lm -lstdc++ -lsupc++ -Wl,--end-group
Finished building target: sewing-PID-STM32-program.elf
 
arm-none-eabi-size  sewing-PID-STM32-program.elf 
arm-none-eabi-objdump -h -S sewing-PID-STM32-program.elf  > "sewing-PID-STM32-program.list"
   text	   data	    bss	    dec	    hex	filename
  17044	    132	   1696	  18872	   49b8	sewing-PID-STM32-program.elf
Finished building: default.size.stdout
 
Finished building: sewing-PID-STM32-program.list
 
16:40:26 **** Incremental Build of configuration Debug for project sewing-PID-STM32-program ****
make -j9 all 
arm-none-eabi-size  sewing-PID-STM32-program.elf 
   text	   data	    bss	    dec	    hex	filename
  17044	    132	   1696	  18872	   49b8	sewing-PID-STM32-program.elf
Finished building: default.size.stdout
 
16:46:34 **** Incremental Build of configuration Debug for project sewing-PID-STM32-program ****
make -j9 all 
arm-none-eabi-gcc "../Core/Src/main.c" -mcpu=cortex-m0plus -std=gnu11 -g3 -DDEBUG -DUSE_HAL_DRIVER -DSTM32C092xx -c -I../Core/Inc -I../Drivers/STM32C0xx_HAL_Driver/Inc -I../Drivers/STM32C0xx_HAL_Driver/Inc/Legacy -I../Drivers/CMSIS/Device/ST/STM32C0xx/Include -I../Drivers/CMSIS/Include -O0 -ffunction-sections -fdata-sections -Wall -fstack-usage -fcyclomatic-complexity -MMD -MP -MF"Core/Src/main.d" -MT"Core/Src/main.o" --specs=nano.specs -mfloat-abi=soft -mthumb -o "Core/Src/main.o"
../Core/Src/main.c:111:29: error: expected declaration specifiers or '...' before '&' token
  111 | HAL_ADCEx_Calibration_Start(&hadc1);
      |                             ^
make: *** [Core/Src/subdir.mk:34: Core/Src/main.o] Error 1
"make -j9 all" terminated with exit code 2. Build might be incomplete.
16:47:36 **** Incremental Build of configuration Debug for project sewing-PID-STM32-program ****
make -j9 all 
arm-none-eabi-gcc "../Core/Src/main.c" -mcpu=cortex-m0plus -std=gnu11 -g3 -DDEBUG -DUSE_HAL_DRIVER -DSTM32C092xx -c -I../Core/Inc -I../Drivers/STM32C0xx_HAL_Driver/Inc -I../Drivers/STM32C0xx_HAL_Driver/Inc/Legacy -I../Drivers/CMSIS/Device/ST/STM32C0xx/Include -I../Drivers/CMSIS/Include -O0 -ffunction-sections -fdata-sections -Wall -fstack-usage -fcyclomatic-complexity -MMD -MP -MF"Core/Src/main.d" -MT"Core/Src/main.o" --specs=nano.specs -mfloat-abi=soft -mthumb -o "Core/Src/main.o"
../Core/Src/main.c:111:29: error: expected declaration specifiers or '...' before '&' token
  111 | HAL_ADCEx_Calibration_Start(&hadc1, ADC_SINGLE_ENDED);
      |                             ^
../Core/Src/main.c:111:37: error: unknown type name 'ADC_SINGLE_ENDED'
  111 | HAL_ADCEx_Calibration_Start(&hadc1, ADC_SINGLE_ENDED);
      |                                     ^~~~~~~~~~~~~~~~
make: *** [Core/Src/subdir.mk:34: Core/Src/main.o] Error 1
"make -j9 all" terminated with exit code 2. Build might be incomplete.
16:48:40 **** Incremental Build of configuration Debug for project sewing-PID-STM32-program ****
make -j9 all 
arm-none-eabi-gcc "../Core/Src/main.c" -mcpu=cortex-m0plus -std=gnu11 -g3 -DDEBUG -DUSE_HAL_DRIVER -DSTM32C092xx -c -I../Core/Inc -I../Drivers/STM32C0xx_HAL_Driver/Inc -I../Drivers/STM32C0xx_HAL_Driver/Inc/Legacy -I../Drivers/CMSIS/Device/ST/STM32C0xx/Include -I../Drivers/CMSIS/Include -O0 -ffunction-sections -fdata-sections -Wall -fstack-usage -fcyclomatic-complexity -MMD -MP -MF"Core/Src/main.d" -MT"Core/Src/main.o" --specs=nano.specs -mfloat-abi=soft -mthumb -o "Core/Src/main.o"
../Core/Src/main.c: In function 'main':
../Core/Src/main.c:186:39: error: 'ADC_SINGLE_ENDED' undeclared (first use in this function)
  186 |   HAL_ADCEx_Calibration_Start(&hadc1, ADC_SINGLE_ENDED);
      |                                       ^~~~~~~~~~~~~~~~
../Core/Src/main.c:186:39: note: each undeclared identifier is reported only once for each function it appears in
../Core/Src/main.c:186:3: error: too many arguments to function 'HAL_ADCEx_Calibration_Start'
  186 |   HAL_ADCEx_Calibration_Start(&hadc1, ADC_SINGLE_ENDED);
      |   ^~~~~~~~~~~~~~~~~~~~~~~~~~~
In file included from ../Drivers/STM32C0xx_HAL_Driver/Inc/stm32c0xx_hal_adc.h:1823,
                 from ../Core/Inc/stm32c0xx_hal_conf.h:184,
                 from ../Drivers/STM32C0xx_HAL_Driver/Inc/stm32c0xx_hal.h:30,
                 from ../Core/Inc/main.h:30,
                 from ../Core/Src/main.c:20:
../Drivers/STM32C0xx_HAL_Driver/Inc/stm32c0xx_hal_adc_ex.h:145:25: note: declared here
  145 | HAL_StatusTypeDef       HAL_ADCEx_Calibration_Start(ADC_HandleTypeDef *hadc);
      |                         ^~~~~~~~~~~~~~~~~~~~~~~~~~~
make: *** [Core/Src/subdir.mk:34: Core/Src/main.o] Error 1
"make -j9 all" terminated with exit code 2. Build might be incomplete.
16:48:50 **** Incremental Build of configuration Debug for project sewing-PID-STM32-program ****
make -j9 all 
arm-none-eabi-gcc "../Core/Src/main.c" -mcpu=cortex-m0plus -std=gnu11 -g3 -DDEBUG -DUSE_HAL_DRIVER -DSTM32C092xx -c -I../Core/Inc -I../Drivers/STM32C0xx_HAL_Driver/Inc -I../Drivers/STM32C0xx_HAL_Driver/Inc/Legacy -I../Drivers/CMSIS/Device/ST/STM32C0xx/Include -I../Drivers/CMSIS/Include -O0 -ffunction-sections -fdata-sections -Wall -fstack-usage -fcyclomatic-complexity -MMD -MP -MF"Core/Src/main.d" -MT"Core/Src/main.o" --specs=nano.specs -mfloat-abi=soft -mthumb -o "Core/Src/main.o"
arm-none-eabi-g++ -o "sewing-PID-STM32-program.elf" @"objects.list"   -mcpu=cortex-m0plus -T"/Users/john/Library/CloudStorage/OneDrive-Stanford/nonsense/sewing/singer4452-speed-controller/sewing-PID-STM32-program/sewing-PID-STM32-program/STM32C092KCTX_FLASH.ld" --specs=nosys.specs -Wl,-Map="sewing-PID-STM32-program.map" -Wl,--gc-sections -static --specs=nano.specs -mfloat-abi=soft -mthumb -Wl,--start-group -lc -lm -lstdc++ -lsupc++ -Wl,--end-group
Finished building target: sewing-PID-STM32-program.elf
 
arm-none-eabi-size  sewing-PID-STM32-program.elf 
arm-none-eabi-objdump -h -S sewing-PID-STM32-program.elf  > "sewing-PID-STM32-program.list"
   text	   data	    bss	    dec	    hex	filename
  17868	    132	   1696	  19696	   4cf0	sewing-PID-STM32-program.elf
Finished building: default.size.stdout
 
Finished building: sewing-PID-STM32-program.list
 
16:53:15 **** Incremental Build of configuration Debug for project sewing-PID-STM32-program ****
make -j9 all 
arm-none-eabi-size  sewing-PID-STM32-program.elf 
   text	   data	    bss	    dec	    hex	filename
  17868	    132	   1696	  19696	   4cf0	sewing-PID-STM32-program.elf
Finished building: default.size.stdout
 
16:57:04 **** Incremental Build of configuration Debug for project sewing-PID-STM32-program ****
make -j9 all 
arm-none-eabi-gcc "../Core/Src/main.c" -mcpu=cortex-m0plus -std=gnu11 -g3 -DDEBUG -DUSE_HAL_DRIVER -DSTM32C092xx -c -I../Core/Inc -I../Drivers/STM32C0xx_HAL_Driver/Inc -I../Drivers/STM32C0xx_HAL_Driver/Inc/Legacy -I../Drivers/CMSIS/Device/ST/STM32C0xx/Include -I../Drivers/CMSIS/Include -O0 -ffunction-sections -fdata-sections -Wall -fstack-usage -fcyclomatic-complexity -MMD -MP -MF"Core/Src/main.d" -MT"Core/Src/main.o" --specs=nano.specs -mfloat-abi=soft -mthumb -o "Core/Src/main.o"
arm-none-eabi-g++ -o "sewing-PID-STM32-program.elf" @"objects.list"   -mcpu=cortex-m0plus -T"/Users/john/Library/CloudStorage/OneDrive-Stanford/nonsense/sewing/singer4452-speed-controller/sewing-PID-STM32-program/sewing-PID-STM32-program/STM32C092KCTX_FLASH.ld" --specs=nosys.specs -Wl,-Map="sewing-PID-STM32-program.map" -Wl,--gc-sections -static --specs=nano.specs -mfloat-abi=soft -mthumb -Wl,--start-group -lc -lm -lstdc++ -lsupc++ -Wl,--end-group
Finished building target: sewing-PID-STM32-program.elf
 
arm-none-eabi-size  sewing-PID-STM32-program.elf 
arm-none-eabi-objdump -h -S sewing-PID-STM32-program.elf  > "sewing-PID-STM32-program.list"
   text	   data	    bss	    dec	    hex	filename
  17868	    132	   1696	  19696	   4cf0	sewing-PID-STM32-program.elf
Finished building: default.size.stdout
 
Finished building: sewing-PID-STM32-program.list
 
16:58:01 **** Incremental Build of configuration Debug for project sewing-PID-STM32-program ****
make -j9 all 
arm-none-eabi-gcc "../Core/Src/main.c" -mcpu=cortex-m0plus -std=gnu11 -g3 -DDEBUG -DUSE_HAL_DRIVER -DSTM32C092xx -c -I../Core/Inc -I../Drivers/STM32C0xx_HAL_Driver/Inc -I../Drivers/STM32C0xx_HAL_Driver/Inc/Legacy -I../Drivers/CMSIS/Device/ST/STM32C0xx/Include -I../Drivers/CMSIS/Include -O0 -ffunction-sections -fdata-sections -Wall -fstack-usage -fcyclomatic-complexity -MMD -MP -MF"Core/Src/main.d" -MT"Core/Src/main.o" --specs=nano.specs -mfloat-abi=soft -mthumb -o "Core/Src/main.o"
arm-none-eabi-g++ -o "sewing-PID-STM32-program.elf" @"objects.list"   -mcpu=cortex-m0plus -T"/Users/john/Library/CloudStorage/OneDrive-Stanford/nonsense/sewing/singer4452-speed-controller/sewing-PID-STM32-program/sewing-PID-STM32-program/STM32C092KCTX_FLASH.ld" --specs=nosys.specs -Wl,-Map="sewing-PID-STM32-program.map" -Wl,--gc-sections -static --specs=nano.specs -mfloat-abi=soft -mthumb -Wl,--start-group -lc -lm -lstdc++ -lsupc++ -Wl,--end-group
Finished building target: sewing-PID-STM32-program.elf
 
arm-none-eabi-size  sewing-PID-STM32-program.elf 
arm-none-eabi-objdump -h -S sewing-PID-STM32-program.elf  > "sewing-PID-STM32-program.list"
   text	   data	    bss	    dec	    hex	filename
  17868	    132	   1696	  19696	   4cf0	sewing-PID-STM32-program.elf
Finished building: default.size.stdout
 
Finished building: sewing-PID-STM32-program.list
 
17:18:04 **** Incremental Build of configuration Debug for project sewing-PID-STM32-program ****
make -j9 all 
arm-none-eabi-size  sewing-PID-STM32-program.elf 
   text	   data	    bss	    dec	    hex	filename
  17868	    132	   1696	  19696	   4cf0	sewing-PID-STM32-program.elf
Finished building: default.size.stdout
 
